
R version 4.5.1 (2025-06-13) -- "Great Square Root"
Copyright (C) 2025 The R Foundation for Statistical Computing
Platform: aarch64-apple-darwin24.4.0

R is free software and comes with ABSOLUTELY NO WARRANTY.
You are welcome to redistribute it under certain conditions.
Type 'license()' or 'licence()' for distribution details.

  Natural language support but running in an English locale

R is a collaborative project with many contributors.
Type 'contributors()' for more information and
'citation()' on how to cite R or R packages in publications.

Type 'demo()' for some demos, 'help()' for on-line help, or
'help.start()' for an HTML browser interface to help.
Type 'q()' to quit R.

[Previously saved workspace restored]

> library(RSiena)
> 
> # When new effects are added, the numbering of effects changes.
> # This will have consequences for the output of includeInteraction,
> # and will require adaptation of parrallel.Rout.save.
> 
> ##test3
> mynet1 <- sienaDependent(array(c(tmp3, tmp4),dim=c(32, 32, 2)))
> mydata <- sienaDataCreate(mynet1)
> myeff<- getEffects(mydata)
> mymodel<- model.create(findiff=TRUE, fn = simstats0c,
+                        cond=FALSE, nsub=2, n3=50, seed=3)
If you use this algorithm object, siena07 will create/use an output file Siena.txt .
> print('test3')
[1] "test3"
> ans<- siena07(mymodel, data=mydata, effects=myeff,
+      batch=TRUE, parallelTesting=TRUE, silent=TRUE)
> #,dll='../siena/src/RSiena.dll')
> ans
Estimates, standard errors and convergence t-ratios

                                      Estimate   Standard   Convergence 
                                                   Error      t-ratio   
  1. rate basic rate parameter mynet1  3.0186  ( 0.5581   )    0.0134   
  2. eval outdegree (density)         -1.1374  ( 0.2723   )    0.1044   
  3. eval reciprocity                  1.7459  ( 0.2854   )   -0.1847   

Overall maximum convergence ratio:    0.3838 


Total of 407 iteration steps.

> (myeff <- includeEffects(myeff, transTrip, cycle4))
  effectNumber effectName          shortName include fix   test  initialValue
1  20          transitive triplets transTrip TRUE    FALSE FALSE          0  
2 197          4 cycles (#)        cycle4    TRUE    FALSE FALSE          0  
  parm
1 0   
2 1   
  effectName                  include fix   test  initialValue parm
1 basic rate parameter mynet1 TRUE    FALSE FALSE    4.80941   0   
2 outdegree (density)         TRUE    FALSE FALSE   -0.56039   0   
3 reciprocity                 TRUE    FALSE FALSE    0.00000   0   
4 transitive triplets         TRUE    FALSE FALSE    0.00000   0   
5 4 cycles (#)                TRUE    FALSE FALSE    0.00000   1   
> (myeff <- includeEffects(myeff, cycle4, include=FALSE))
  effectNumber effectName   shortName include fix   test  initialValue parm
1 197          4 cycles (#) cycle4    FALSE   FALSE FALSE          0   1   
  effectName                  include fix   test  initialValue parm
1 basic rate parameter mynet1 TRUE    FALSE FALSE    4.80941   0   
2 outdegree (density)         TRUE    FALSE FALSE   -0.56039   0   
3 reciprocity                 TRUE    FALSE FALSE    0.00000   0   
4 transitive triplets         TRUE    FALSE FALSE    0.00000   0   
> ##test4
> mymodel$cconditional <- TRUE
> mymodel$condvarno<- 1
> print('test4')
[1] "test4"
> ans<- siena07(mymodel, data=mydata, effects=myeff,  batch=TRUE,
+               parallelTesting=TRUE, silent=TRUE)
> ##, verbose=TRUE)#,dll='../siena/src/RSiena.dll')
> ans
Estimates, standard errors and convergence t-ratios

                              Estimate   Standard   Convergence 
                                           Error      t-ratio   

Rate parameters: 
  0       Rate parameter       3.2640  ( 0.5554   )             

Other parameters: 
  1. eval outdegree (density) -1.7460  ( 0.4314   )   0.1523    
  2. eval reciprocity          1.4356  ( 0.4395   )   0.2525    
  3. eval transitive triplets  0.3126  ( 0.1201   )   0.0971    

Overall maximum convergence ratio:    0.2753 


Total of 231 iteration steps.

> ##test5
> mynet1 <- sienaDependent(array(c(tmp3,tmp4),dim=c(32,32,2)))
> mydata <- sienaDataCreate(mynet1)
> myeff<- getEffects(mydata)
> mymodel<- model.create(fn = simstats0c,  nsub=2, n3=50,
+                        cond=FALSE, seed=5)
If you use this algorithm object, siena07 will create/use an output file Siena.txt .
> print('test5')
[1] "test5"
> ans<- siena07(mymodel, data=mydata, effects=myeff,  batch=TRUE,
+               parallelTesting=TRUE, silent=TRUE)
> ans
Estimates, standard errors and convergence t-ratios

                                      Estimate   Standard   Convergence 
                                                   Error      t-ratio   
  1. rate basic rate parameter mynet1  3.0451  ( 0.5078   )    0.0103   
  2. eval outdegree (density)         -1.1448  ( 0.1690   )   -0.2193   
  3. eval reciprocity                  1.7883  ( 0.3820   )   -0.0597   

Overall maximum convergence ratio:    0.2334 


Total of 588 iteration steps.

> (myeff <- includeEffects(myeff, recip, inPop))
  effectNumber effectName            shortName include fix   test  initialValue
1 14           reciprocity           recip     TRUE    FALSE FALSE          0  
2 77           indegree - popularity inPop     TRUE    FALSE FALSE          0  
  parm
1 0   
2 0   
  effectName                  include fix   test  initialValue parm
1 basic rate parameter mynet1 TRUE    FALSE FALSE    4.80941   0   
2 outdegree (density)         TRUE    FALSE FALSE   -0.56039   0   
3 reciprocity                 TRUE    FALSE FALSE    0.00000   0   
4 indegree - popularity       TRUE    FALSE FALSE    0.00000   0   
> (myeff <- includeEffects(myeff, outAct, fix=TRUE, test=TRUE))
  effectNumber effectName           shortName include fix  test initialValue
1 105          outdegree - activity outAct    TRUE    TRUE TRUE          0  
  parm
1 0   
  effectName                  include fix   test  initialValue parm
1 basic rate parameter mynet1 TRUE    FALSE FALSE    4.80941   0   
2 outdegree (density)         TRUE    FALSE FALSE   -0.56039   0   
3 reciprocity                 TRUE    FALSE FALSE    0.00000   0   
4 indegree - popularity       TRUE    FALSE FALSE    0.00000   0   
5 outdegree - activity        TRUE    TRUE  TRUE     0.00000   0   
> (myeff <- includeInteraction(myeff, recip, inPop, fix=TRUE, test=TRUE))
  effectNumber effectName                          shortName include fix  
1  14          reciprocity                         recip     TRUE    FALSE
2  77          indegree - popularity               inPop     TRUE    FALSE
3 243          reciprocity x indegree - popularity unspInt   TRUE    TRUE 
  test  initialValue parm effect1 effect2
1 FALSE          0   0     0       0     
2 FALSE          0   0     0       0     
3 TRUE           0   0    14      77     
  effectName                          include fix   test  initialValue parm
1 basic rate parameter mynet1         TRUE    FALSE FALSE    4.80941   0   
2 outdegree (density)                 TRUE    FALSE FALSE   -0.56039   0   
3 reciprocity                         TRUE    FALSE FALSE    0.00000   0   
4 indegree - popularity               TRUE    FALSE FALSE    0.00000   0   
5 outdegree - activity                TRUE    TRUE  TRUE     0.00000   0   
6 reciprocity x indegree - popularity TRUE    TRUE  TRUE     0.00000   0   
  effect1 effect2
1  0       0     
2  0       0     
3  0       0     
4  0       0     
5  0       0     
6 14      77     
> ans<- siena07(mymodel, data=mydata, effects=myeff,  batch=TRUE,
+               parallelTesting=TRUE, silent=TRUE)
> ans
Estimates, standard errors and convergence t-ratios

                                              Estimate   Standard   Convergence 
                                                           Error      t-ratio   
  1. rate basic rate parameter mynet1          3.0375  ( 0.6487   )   -0.1316   
  2. eval outdegree (density)                 -1.4598  ( 0.4672   )   -0.0938   
  3. eval reciprocity                          1.8008  ( 0.5119   )    0.0402   
  4. eval indegree - popularity                0.0541  ( 0.0655   )   -0.1327   
  5. eval outdegree - activity                 0.0000  (     NA   )   -1.1184   
  6. eval reciprocity x indegree - popularity  0.0000  (     NA   )    0.3944   

Overall maximum convergence ratio:    0.2102 


Score test for 2 parameters:
chi-squared = 11.43, p = 0.0033.

Total of 612 iteration steps.

> score.Test(ans)
Tested effects:
 outdegree - activity eval 
 reciprocity x indegree - popularity eval 
chi-squared = 11.43, d.f. = 2;  p = 0.003. 
> ##test6
> mynet1 <- sienaDependent(array(c(tmp3,tmp4),dim=c(32,32,2)))
> mydata <- sienaDataCreate(mynet1)
> myeff<- getEffects(mydata)
> mymodel<- model.create(fn = simstats0c,  nsub=2, n3=50,
+                        cond=FALSE, doubleAveraging=0,seed=5)
If you use this algorithm object, siena07 will create/use an output file Siena.txt .
> print('test6')
[1] "test6"
> ans<- siena07(mymodel, data=mydata, effects=myeff,  batch=TRUE,
+               parallelTesting=TRUE, silent=TRUE)
> ans
Estimates, standard errors and convergence t-ratios

                                      Estimate   Standard   Convergence 
                                                   Error      t-ratio   
  1. rate basic rate parameter mynet1  3.0451  ( 0.5078   )    0.0103   
  2. eval outdegree (density)         -1.1448  ( 0.1690   )   -0.2193   
  3. eval reciprocity                  1.7883  ( 0.3820   )   -0.0597   

Overall maximum convergence ratio:    0.2334 


Total of 588 iteration steps.

> myeff <- includeEffects(myeff, recip, include=FALSE)
  effectNumber effectName  shortName include fix   test  initialValue parm
1 14           reciprocity recip     FALSE   FALSE FALSE          0   0   
> myeff <- includeEffects(myeff, recip, type='endow')
  effectNumber effectName  shortName include fix   test  initialValue parm
1 15           reciprocity recip     TRUE    FALSE FALSE          0   0   
  type 
1 endow
> myeff <- includeEffects(myeff, recip, type='creation')
  effectNumber effectName  shortName include fix   test  initialValue parm
1 16           reciprocity recip     TRUE    FALSE FALSE          0   0   
  type    
1 creation
> ans<- siena07(mymodel, data=mydata, effects=myeff,  batch=TRUE,
+               parallelTesting=TRUE, silent=TRUE)
> ans
Estimates, standard errors and convergence t-ratios

                                       Estimate   Standard   Convergence 
                                                    Error      t-ratio   
  1. rate  basic rate parameter mynet1  3.1508  ( 0.5674   )   -0.0293   
  2. eval  outdegree (density)         -1.0976  ( 0.1952   )   -0.0648   
  3. endow reciprocity                  2.3709  ( 0.9090   )    0.0125   
  4. creat reciprocity                  1.0175  ( 0.7842   )   -0.0142   

Overall maximum convergence ratio:    0.0827 


Total of 595 iteration steps.

> testSame.RSiena(ans, 3, 4)
Tested effects:
 reciprocity endow  ==  reciprocity creation 
chi-squared = 0.91, d.f. = 1; one-sided Z = 0.95; two-sided p = 0.341. 
> ##test7
> mynet1 <- sienaDependent(array(c(tmp3,tmp4),dim=c(32,32,2)))
> mydata <- sienaDataCreate(mynet1)
> myeff<- getEffects(mydata)
> mymodel<- model.create(fn = simstats0c,  nsub=2, n3=50,
+                        cond=FALSE,  diagonalize=0.5, seed=5)
If you use this algorithm object, siena07 will create/use an output file Siena.txt .
> print('test7')
[1] "test7"
> ans<- siena07(mymodel, data=mydata, effects=myeff,  batch=TRUE,
+               parallelTesting=TRUE, silent=TRUE)
> ##, verbose=TRUE)#,dll='../siena/src/RSiena.dll')
> ans
Estimates, standard errors and convergence t-ratios

                                      Estimate   Standard   Convergence 
                                                   Error      t-ratio   
  1. rate basic rate parameter mynet1  3.0258  ( 0.5063   )   -0.1656   
  2. eval outdegree (density)         -1.1558  ( 0.1821   )    0.0801   
  3. eval reciprocity                  1.8464  ( 0.3633   )    0.2701   

Overall maximum convergence ratio:    0.3630 


Total of 545 iteration steps.

> ##test8
> mymodel<- model.create(fn = simstats0c,  nsub=1, n3=50,
+                        cond=TRUE, condvarno=1, seed=5)
If you use this algorithm object, siena07 will create/use an output file Siena.txt .
> print('test8')
[1] "test8"
> ans <- siena07(mymodel, data=mydata, effects=myeff,  batch=TRUE,
+               parallelTesting=TRUE, silent=TRUE)
> ##, verbose=TRUE)#,dll='../siena/src/RSiena.dll')
> ans
Estimates, standard errors and convergence t-ratios

                              Estimate   Standard   Convergence 
                                           Error      t-ratio   

Rate parameters: 
  0       Rate parameter       3.0998  ( 0.5110   )             

Other parameters: 
  1. eval outdegree (density) -1.1509  ( 0.2244   )   -0.1080   
  2. eval reciprocity          1.7982  ( 0.4363   )    0.0185   

Overall maximum convergence ratio:    0.1564 


Total of 240 iteration steps.

> ##test9
> mynet1 <- sienaDependent(array(c(s501, s502, s503), dim=c(50, 50, 3)))
> mynet2 <- sienaDependent(s50a,type='behavior')
> mydata <- sienaDataCreate(mynet1, mynet2)
> myeff <- getEffects(mydata)
> myeff <- setEffect(myeff, linear, initialValue=0.34699930338, name="mynet2")
  effectNumber effectName          shortName include fix   test  initialValue
1 476          mynet2 linear shape linear    TRUE    FALSE FALSE      0.347  
  parm
1 0   
> myeff <- setEffect(myeff, avAlt, name="mynet2", interaction1="mynet1")
  effectNumber effectName           shortName include fix   test  initialValue
1 547          mynet2 average alter avAlt     TRUE    FALSE FALSE          0  
  parm
1 0   
> ##myeff$initialValue[98] <- 0.34699930338 ## siena3 starting values differ
> ##test10
> print('test10')
[1] "test10"
> mymodel$cconditional <- TRUE
> mymodel$condvarno<- 1
> ans <- siena07(mymodel, data=mydata, effects=myeff, batch=TRUE,
+                parallelTesting=TRUE, silent=TRUE)
> ##, verbose=TRUE)
> ans
Estimates, standard errors and convergence t-ratios

                                                  Estimate   Standard   Convergence 
                                                               Error      t-ratio   

Rate parameters: 
  0.1      Rate parameter cond. variable period 1  6.0629  ( 1.2683   )             
  0.2      Rate parameter cond. variable period 2  4.4421  ( 0.6116   )             

Other parameters: 
Network Dynamics 
  1.  eval outdegree (density)                    -2.4172  ( 0.1896   )   -0.0951   
  2.  eval reciprocity                             2.9130  ( 0.3222   )    0.0078   

Behavior Dynamics
  3.  rate rate mynet2 (period 1)                  1.3101  ( 0.4665   )    0.0888   
  4.  rate rate mynet2 (period 2)                  1.6253  ( 0.5829   )   -0.0653   
  5.  eval mynet2 linear shape                     0.4125  ( 0.2154   )   -0.0459   
  6.  eval mynet2 quadratic shape                 -0.5443  ( 0.4127   )   -0.0480   
  7.  eval mynet2 average alter                    1.2691  ( 1.1516   )   -0.0736   

Overall maximum convergence ratio:    0.2577 


Total of 335 iteration steps.

> ##test11
> print('test11')
[1] "test11"
> mymodel<- model.create(fn = simstats0c,  nsub=1, n3=50,
+                        behModelType=c(mynet2=2), seed=6)
If you use this algorithm object, siena07 will create/use an output file Siena.txt .
> (ans <- siena07(mymodel, data=mydata, effects=myeff, batch=TRUE,
+                parallelTesting=TRUE, silent=TRUE))
Estimates, standard errors and convergence t-ratios

                                          Estimate   Standard   Convergence 
                                                       Error      t-ratio   
Network Dynamics 
  1. rate constant mynet1 rate (period 1)  5.7911  ( 1.8273   )   -0.2276   
  2. rate constant mynet1 rate (period 2)  4.5005  ( 0.8629   )   -0.1708   
  3. eval outdegree (density)             -2.3618  ( 0.1201   )   -0.2746   
  4. eval reciprocity                      2.8187  ( 0.1675   )   -0.2688   

Behavior Dynamics
  5. rate rate mynet2 (period 1)           1.3221  ( 0.4155   )    0.0399   
  6. rate rate mynet2 (period 2)           1.7863  ( 0.5585   )   -0.0260   
  7. eval mynet2 linear shape              0.3724  ( 0.2906   )   -0.0873   
  8. eval mynet2 quadratic shape          -0.5723  ( 0.3959   )   -0.1168   
  9. eval mynet2 average alter             1.2012  ( 0.7552   )    0.0420   

Overall maximum convergence ratio:    0.5329 


 Behavioral Model Type:
mynet2 : Boundary-absorbing behavior model 


Total of 340 iteration steps.

> ##test12
> print('test12')
[1] "test12"
> use<- 1:30
> mynet1 <- sienaDependent(array(c(s501[use,], s502[use,], s503[use,]),
+                          dim=c(length(use), 50,3)), type='bipartite',
+                          nodeSet=c('Senders','receivers'))
> receivers <- sienaNodeSet(50,'receivers')
> senders <- sienaNodeSet(30,'Senders')
> myvar1 <- coCovar(s50a[1:30,2], nodeSet='Senders')
> mydata <- sienaDataCreate(mynet1, myvar1, nodeSets=list(senders, receivers))
> myeff <- getEffects(mydata)
> myeff <- includeEffects(myeff, inPop)
  effectNumber effectName            shortName include fix   test  initialValue
1 18           indegree - popularity inPop     TRUE    FALSE FALSE          0  
  parm
1 0   
> myeff <- setEffect(myeff, altInDist2, interaction1="myvar1", parameter=1)
  effectNumber effectName             shortName  include fix   test 
1 110          myvar1 in-alter dist 2 altInDist2 TRUE    FALSE FALSE
  initialValue parm
1          0   1   
> ans <- siena07(sienaModelCreate(n3=50, nsub=2, seed=1),
+                data=mydata, effects=myeff, batch=TRUE, silent=TRUE)
If you use this algorithm object, siena07 will create/use an output file Siena.txt .
> ans
Estimates, standard errors and convergence t-ratios

                                   Estimate   Standard   Convergence 
                                                Error      t-ratio   

Rate parameters: 
  0.1      Rate parameter period 1  3.6549  (  0.5402  )             
  0.2      Rate parameter period 2  2.7936  (  0.4046  )             

Other parameters: 
  1.  eval outdegree (density)      2.6894  (  5.1633  )    0.7569   
  2.  eval indegree - popularity   -3.4982  (  3.1025  )    0.8662   
  3.  eval myvar1 in-alter dist 2  33.4085  ( 10.8879  )   -2.1192   

Overall maximum convergence ratio:    7.2880 


Total of 588 iteration steps.

> tt <- sienaTimeTest(ans)
> summary(tt)
Joint significance test of time heterogeneity:
chi-squared =   4.24, d.f. = 3, p= 0.2365, 
where H0: The following parameters are zero:
 (1) (*)Dummy2:outdegree (density)
 (2) (*)Dummy2:indegree - popularity
 (3) (*)Dummy2:myvar1 in-alter dist 2

Individual significance tests and one-step estimators:
                                 Initial Est. One Step Est. p-Value  
outdegree (density)                 2.6894      15.2890        0.6020
indegree - popularity              -3.4982     -16.1684        0.2600
myvar1 in-alter dist 2             33.4085     142.5361        0.0020
(*)Dummy2:outdegree (density)       0.0000     -17.8685        0.5020
(*)Dummy2:indegree - popularity     0.0000      22.3587        0.1800
(*)Dummy2:myvar1 in-alter dist 2    0.0000    -214.6286        0.0520

Effect-wise joint significance tests
(i.e. each effect across all dummies):
                       chi-sq. df p-value
outdegree (density)       0.45  1   0.502
indegree - popularity     1.80  1   0.180
myvar1 in-alter dist 2    3.77  1   0.052

Period-wise joint significance tests
(i.e. each period across all parameters):
         chi-sq. df p-value
Period 1    4.24  3   0.236
Period 2    4.24  3   0.236

Use the following indices for plotting:
  (1) outdegree (density)
  (2) indegree - popularity
  (3) myvar1 in-alter dist 2

If you would like to fit time dummies to your model,
use the includeTimeDummy function.
Type "?sienaTimeTest" for more information on this output.
> ##test13
> print('test13')
[1] "test13"
> use<- 1:30
> mynet1 <- sienaDependent(array(c(s502[,use], s503[,use]),
+                          dim=c(50, length(use), 2)), type='bipartite',
+                          nodeSet=c('Senders','receivers'))
> receivers <- sienaNodeSet(30,'receivers')
> senders <- sienaNodeSet(50,'Senders')
> myvar1 <- coCovar(s50a[1:50,2], nodeSet='Senders')
> mydata <- sienaDataCreate(mynet1, myvar1, nodeSets=list(senders, receivers))
> myeff <- getEffects(mydata)
> myeff <- setEffect(myeff, altInDist2, interaction1="myvar1", parameter=1)
  effectNumber effectName             shortName  include fix   test 
1 109          myvar1 in-alter dist 2 altInDist2 TRUE    FALSE FALSE
  initialValue parm
1          0   1   
> myeff <- setEffect(myeff, egoX, interaction1="myvar1")
  effectNumber effectName shortName include fix   test  initialValue parm
1 88           myvar1 ego egoX      TRUE    FALSE FALSE          0   0   
> (ans <- siena07(sienaModelCreate(n3=50, nsub=2, seed=1),
+                data=mydata, effects=myeff, batch=TRUE, silent=TRUE))
If you use this algorithm object, siena07 will create/use an output file Siena.txt .
Estimates, standard errors and convergence t-ratios

                                 Estimate   Standard   Convergence 
                                              Error      t-ratio   

Rate parameters: 
  0       Rate parameter          1.8747  ( 0.3077   )             

Other parameters: 
  1. eval outdegree (density)    -1.8071  ( 0.1798   )    0.0536   
  2. eval myvar1 ego              0.3003  ( 0.1138   )   -0.0517   
  3. eval myvar1 in-alter dist 2 -0.0569  ( 0.1678   )   -0.0475   

Overall maximum convergence ratio:    0.0766 


Total of 588 iteration steps.

> ##test14
> print('test14')
[1] "test14"
> net <- sienaDependent(array(c(tmp3, tmp4), dim=c(32, 32, 2)))
> dataset <- sienaDataCreate(net)
> myeff <- getEffects(dataset)
> myeff <- includeEffects(myeff, inPop)
  effectNumber effectName            shortName include fix   test  initialValue
1 77           indegree - popularity inPop     TRUE    FALSE FALSE          0  
  parm
1 0   
> algo <- sienaAlgorithmCreate(nsub=1, n3=20, maxlike=TRUE, seed=15, mult=1, prML=1)
If you use this algorithm object, siena07 will create/use an output file Siena.txt .
> (ans <- siena07(algo, data=dataset, effects=myeff, batch=TRUE, silent=TRUE))
Estimated by Maximum Likelihood

Estimates, standard errors and convergence t-ratios

                                   Estimate   Standard   Convergence 
                                                Error      t-ratio   
  1. rate basic rate parameter net  3.7816  ( 0.4178   )   0.6167    
  2. eval outdegree (density)      -1.5840  ( 0.3353   )   2.9602    
  3. eval reciprocity               1.8606  ( 0.2314   )   1.4786    
  4. eval indegree - popularity     0.1082  ( 0.0440   )   2.5318    

Overall maximum convergence ratio:    4.7198 


Total of 266 iteration steps.

> ##test 15
> print('test15')
[1] "test15"
> mynet1 <- sienaDependent(array(c(s501, s502, s503), dim=c(50, 50, 3)))
> mynet2 <- sienaDependent(s50a,type='behavior')
> mydata <- sienaDataCreate(mynet1, mynet2)
> myeff <- getEffects(mydata)
> (myeff <- includeEffects(myeff, transTrip))
  effectNumber effectName          shortName include fix   test  initialValue
1 22           transitive triplets transTrip TRUE    FALSE FALSE          0  
  parm
1 0   
  name   effectName                      include fix   test  initialValue parm
1 mynet1 constant mynet1 rate (period 1) TRUE    FALSE FALSE    4.69604   0   
2 mynet1 constant mynet1 rate (period 2) TRUE    FALSE FALSE    4.32885   0   
3 mynet1 outdegree (density)             TRUE    FALSE FALSE   -1.46770   0   
4 mynet1 reciprocity                     TRUE    FALSE FALSE    0.00000   0   
5 mynet1 transitive triplets             TRUE    FALSE FALSE    0.00000   0   
6 mynet2 rate mynet2 (period 1)          TRUE    FALSE FALSE    0.70571   0   
7 mynet2 rate mynet2 (period 2)          TRUE    FALSE FALSE    0.84939   0   
8 mynet2 mynet2 linear shape             TRUE    FALSE FALSE    0.32237   0   
9 mynet2 mynet2 quadratic shape          TRUE    FALSE FALSE    0.00000   0   
> (myeff <- includeEffects(myeff, egoX, simX, interaction1="mynet2"))
  effectNumber effectName        shortName include fix   test  initialValue
1 260          mynet2 ego        egoX      TRUE    FALSE FALSE          0  
2 306          mynet2 similarity simX      TRUE    FALSE FALSE          0  
  parm
1 0   
2 0   
   name   effectName                      include fix   test  initialValue parm
1  mynet1 constant mynet1 rate (period 1) TRUE    FALSE FALSE    4.69604   0   
2  mynet1 constant mynet1 rate (period 2) TRUE    FALSE FALSE    4.32885   0   
3  mynet1 outdegree (density)             TRUE    FALSE FALSE   -1.46770   0   
4  mynet1 reciprocity                     TRUE    FALSE FALSE    0.00000   0   
5  mynet1 transitive triplets             TRUE    FALSE FALSE    0.00000   0   
6  mynet1 mynet2 ego                      TRUE    FALSE FALSE    0.00000   0   
7  mynet1 mynet2 similarity               TRUE    FALSE FALSE    0.00000   0   
8  mynet2 rate mynet2 (period 1)          TRUE    FALSE FALSE    0.70571   0   
9  mynet2 rate mynet2 (period 2)          TRUE    FALSE FALSE    0.84939   0   
10 mynet2 mynet2 linear shape             TRUE    FALSE FALSE    0.32237   0   
11 mynet2 mynet2 quadratic shape          TRUE    FALSE FALSE    0.00000   0   
> (myeff <- includeEffects(myeff, avSim, name="mynet2", interaction1="mynet1"))
  effectNumber effectName                shortName include fix   test 
1 504          mynet2 average similarity avSim     TRUE    FALSE FALSE
  initialValue parm
1          0   0   
   name   effectName                      include fix   test  initialValue parm
1  mynet1 constant mynet1 rate (period 1) TRUE    FALSE FALSE    4.69604   0   
2  mynet1 constant mynet1 rate (period 2) TRUE    FALSE FALSE    4.32885   0   
3  mynet1 outdegree (density)             TRUE    FALSE FALSE   -1.46770   0   
4  mynet1 reciprocity                     TRUE    FALSE FALSE    0.00000   0   
5  mynet1 transitive triplets             TRUE    FALSE FALSE    0.00000   0   
6  mynet1 mynet2 ego                      TRUE    FALSE FALSE    0.00000   0   
7  mynet1 mynet2 similarity               TRUE    FALSE FALSE    0.00000   0   
8  mynet2 rate mynet2 (period 1)          TRUE    FALSE FALSE    0.70571   0   
9  mynet2 rate mynet2 (period 2)          TRUE    FALSE FALSE    0.84939   0   
10 mynet2 mynet2 linear shape             TRUE    FALSE FALSE    0.32237   0   
11 mynet2 mynet2 quadratic shape          TRUE    FALSE FALSE    0.00000   0   
12 mynet2 mynet2 average similarity       TRUE    FALSE FALSE    0.00000   0   
> (myeff <- includeGMoMStatistics(myeff, simX_gmm, interaction1="mynet2"))
    name shortName type include
1 mynet1  simX_gmm  gmm    TRUE

 Effects and statistics for estimation by the Generalized Method of Moments

 Effects
   name   effectName                      include fix   test  initialValue parm
1  mynet1 constant mynet1 rate (period 1) TRUE    FALSE FALSE    4.69604   0   
2  mynet1 constant mynet1 rate (period 2) TRUE    FALSE FALSE    4.32885   0   
3  mynet1 outdegree (density)             TRUE    FALSE FALSE   -1.46770   0   
4  mynet1 reciprocity                     TRUE    FALSE FALSE    0.00000   0   
5  mynet1 transitive triplets             TRUE    FALSE FALSE    0.00000   0   
6  mynet1 mynet2 ego                      TRUE    FALSE FALSE    0.00000   0   
7  mynet1 mynet2 similarity               TRUE    FALSE FALSE    0.00000   0   
8  mynet2 rate mynet2 (period 1)          TRUE    FALSE FALSE    0.70571   0   
9  mynet2 rate mynet2 (period 2)          TRUE    FALSE FALSE    0.84939   0   
10 mynet2 mynet2 linear shape             TRUE    FALSE FALSE    0.32237   0   
11 mynet2 mynet2 quadratic shape          TRUE    FALSE FALSE    0.00000   0   
12 mynet2 mynet2 average similarity       TRUE    FALSE FALSE    0.00000   0   
   type
1  rate
2  rate
3  eval
4  eval
5  eval
6  eval
7  eval
8  rate
9  rate
10 eval
11 eval
12 eval

 Regular and GMoM statistics
   name   effectName                      Statistic
1  mynet1 constant mynet1 rate (period 1) Regular  
2  mynet1 constant mynet1 rate (period 2) Regular  
3  mynet1 outdegree (density)             Regular  
4  mynet1 reciprocity                     Regular  
5  mynet1 transitive triplets             Regular  
6  mynet1 mynet2 ego                      Regular  
7  mynet1 mynet2 similarity               Regular  
8  mynet2 rate mynet2 (period 1)          Regular  
9  mynet2 rate mynet2 (period 2)          Regular  
10 mynet2 mynet2 linear shape             Regular  
11 mynet2 mynet2 quadratic shape          Regular  
12 mynet2 mynet2 average similarity       Regular  
13 mynet1 mynet2 similarity               GMoM     
> algo <- sienaAlgorithmCreate(nsub=1, n3=100, gmm=TRUE, seed=6)
If you use this algorithm object, siena07 will create/use an output file Siena.txt .
> (ans <- siena07(algo, data=mydata, effects=myeff, batch=TRUE,
+                 parallelTesting=TRUE, silent=TRUE))
Estimated by Generalized Method of Moments

Estimates, standard errors and convergence t-ratios

                                           Estimate   Standard   Convergence 
                                                        Error      t-ratio   
Network Dynamics 
   1. rate constant mynet1 rate (period 1)  5.6736  ( 0.6951   )   -0.7532   
   2. rate constant mynet1 rate (period 2)  4.3793  ( 0.7939   )   -0.2401   
   3. eval outdegree (density)             -2.5281  ( 0.1238   )    3.0663   
   4. eval reciprocity                      2.7731  ( 0.2046   )    3.2600   
   5. eval transitive triplets              0.4332  ( 0.0824   )   -0.8205   
   6. eval mynet2 ego                       0.0220  ( 0.0772   )    1.7040   
   7. eval mynet2 similarity                0.8670  ( 0.3446   )    1.4465   

Behavior Dynamics
   8. rate rate mynet2 (period 1)           1.2663  ( 0.3007   )    1.0844   
   9. rate rate mynet2 (period 2)           1.6833  ( 0.3537   )   -0.9834   
  10. eval mynet2 linear shape              0.3607  ( 0.2267   )    0.5830   
  11. eval mynet2 quadratic shape          -0.1885  ( 0.1240   )   -0.8490   
  12. eval mynet2 average similarity        1.4133  ( 1.6348   )   -0.1432   

Overall maximum convergence ratio:    5.7962 


Total of 757 iteration steps.

> ##test16
> print('test16')
[1] "test16"
> set.seed(123) # simulate behavior data according to dZ(t) = [-0.1 Z + 1] dt + 1 dW(t)
> y1 <- rnorm(50, 0,3)
> y2 <- exp(-0.1) * y1 + (1-exp(-0.1)) * 1/ -0.1 + rnorm(50, 0, (exp(-0.2)- 1) / -0.2 * 1^2)
> friend <- sienaDependent(array(c(s501, s502), dim = c(50,50,2)))
> behavior <- sienaDependent(matrix(c(y1,y2), 50,2), type = "continuous")
> (mydata <- sienaDataCreate(friend, behavior))
Dependent variables:  friend, behavior 
Number of observations: 2 

Nodeset                  Actors 
Number of nodes              50 

Dependent variable friend     
Type               oneMode    
Observations       2          
Nodeset            Actors     
Densities          0.046 0.047

Dependent variable behavior      
Type               continuous    
Observations       2             
Nodeset            Actors        
Range              -6.242 - 6.507

> (myeff <- getEffects(mydata, onePeriodSde = TRUE))
SDE init parameters:  -0.1117176 -0.864023 0.8576913 
SDE par stand errors: 0.04669358 0.1223113 0.08791327 
  name     effectName                  include fix   test  initialValue parm
1 friend   basic rate parameter friend TRUE    FALSE FALSE    4.69604   0   
2 friend   outdegree (density)         TRUE    FALSE FALSE   -1.48852   0   
3 friend   reciprocity                 TRUE    FALSE FALSE    0.00000   0   
4 sde      scale parameter period 1    TRUE    TRUE  FALSE    1.00000   0   
5 behavior wiener (behavior.behavior)  TRUE    FALSE FALSE    0.85769   0   
6 behavior feedback from behavior      TRUE    FALSE FALSE   -0.11172   0   
7 behavior intercept                   TRUE    FALSE FALSE   -0.86402   0   
> algorithmMoM <- sienaAlgorithmCreate(nsub=1, n3=20, seed=321)
If you use this algorithm object, siena07 will create/use an output file Siena.txt .
> (ans <- siena07(algorithmMoM, data = mydata, effects = myeff, batch=TRUE,
+                                                 silent=TRUE))
SDE init parameters:  -0.1117176 -0.864023 0.8576913 
SDE par stand errors: 0.04669358 0.1223113 0.08791327 
Estimates, standard errors and convergence t-ratios

                                      Estimate   Standard   Convergence 
                                                   Error      t-ratio   
Network Dynamics 
  1. rate basic rate parameter friend  5.5123  (  1.2624  )    0.0490   
  2. eval outdegree (density)         -2.2836  (  0.1444  )   -0.5160   
  3. eval reciprocity                  2.5132  (  0.2420  )   -0.2630   

Continuous Behavior Dynamics
  4. eval wiener (behavior.behavior)   0.8457  ( 10.9158  )   -0.3587   
  5. eval feedback from behavior      -0.1111  (  0.0684  )    0.2224   
  6. eval intercept                   -0.8643  (  0.2726  )    0.1532   
  7. rate scale parameter period 1     1.0000  (      NA  )   -0.3587   

Overall maximum convergence ratio:    0.7099 


Total of 305 iteration steps.

> ##test17
> print('test17')
[1] "test17"
> mynet <- sienaNet(array(c(s501, s502), dim=c(50, 50, 2)))
> sm1 <- 1*(s50s[,2] >= 2)
> sm2 <- 1*(s50s[,3] >= 2)
> sm2 <- pmax(sm1,sm2)
> sm2[c(33,28,29,44)] <- 1
> mybeh <- sienaDependent(cbind(sm1,sm2), type="behavior")
> (mydata <- sienaDataCreate(mynet, mybeh))
For dependent variable mybeh, in some periods,
there are only increases, or only decreases.
This will be respected in the simulations. 
If this is not desired, use allowOnly=FALSE when creating the dependent variable.
Dependent variables:  mynet, mybeh 
Number of observations: 2 

Nodeset                  Actors 
Number of nodes              50 

Dependent variable mynet      
Type               oneMode    
Observations       2          
Nodeset            Actors     
Densities          0.046 0.047

Dependent variable mybeh   
Type               behavior
Observations       2       
Nodeset            Actors  
Range              0 - 1   

"uponly":  mybeh:    all periods
> mymodel <- sienaModelCreate(projname=NULL, seed=1234, firstg=0.001, nsub=1, n3=10)
If you use this algorithm object, siena07 will create/use an output file /var/folders/rh/zphscs4s62bf0fv819555gsc0000gn/T//Rtmpi2ICkP/Siena36648f6ece6.txt .
This is a temporary file for this R session.
> myeff <- getEffects(mydata)
> (myeff <- setEffect(myeff,avExposure,type='rate',parameter=2,
+                             name='mybeh',interaction1='mynet'))
  effectNumber effectName                            shortName  include fix  
1 468          average exposure effect on rate mybeh avExposure TRUE    FALSE
  test  initialValue parm
1 FALSE          0   2   
  name  effectName                            include fix   test  initialValue
1 mynet basic rate parameter mynet            TRUE    FALSE FALSE    4.69604  
2 mynet outdegree (density)                   TRUE    FALSE FALSE   -1.48852  
3 mynet reciprocity                           TRUE    FALSE FALSE    0.00000  
4 mybeh rate mybeh period 1                   TRUE    FALSE FALSE    0.26000  
5 mybeh average exposure effect on rate mybeh TRUE    FALSE FALSE    0.00000  
  parm
1 0   
2 0   
3 0   
4 0   
5 2   
> (ans <- siena07(mymodel, data=mydata, effects=myeff, batch=TRUE, silent=TRUE))
Estimates, standard errors and convergence t-ratios

                                                Estimate   Standard   Convergence 
                                                             Error      t-ratio   
Network Dynamics 
  1. rate basic rate parameter mynet             5.0309  ( 1.8002   )    3.1556   
  2. eval outdegree (density)                   -1.5767  ( 0.1300   )    1.7004   
  3. eval reciprocity                            0.4639  ( 0.3817   )   -6.0068   

Behavior Dynamics
  4. rate rate mybeh period 1                    0.3731  ( 0.2364   )   -1.2577   
  5. rate average exposure effect on rate mybeh  0.4511  ( 1.4274   )   -3.5793   

Overall maximum convergence ratio:   13.9256 


Total of 290 iteration steps.

> ##test18
> print('test18')
[1] "test18"
> myalgorithm <- sienaAlgorithmCreate(nsub=1, n3=10, seed=1293)
If you use this algorithm object, siena07 will create/use an output file Siena.txt .
> mynet1 <- sienaDependent(array(c(tmp3, tmp4), dim=c(32, 32, 2)))
> cova <- coCovar(1:32)
> cova2 <- coCovar(rep(0,32), warn=FALSE)
> mydata <- sienaDataCreate(mynet1, cova)
> mydata2 <- sienaDataCreate(mynet1, cova=cova2)
> mygroup <- sienaGroupCreate(list(mydata,mydata2))
> myeff <- getEffects(mygroup)
> myeff <- setEffect(myeff, simX, interaction1='cova')
  effectNumber effectName      shortName include fix   test  initialValue parm
1 306          cova similarity simX      TRUE    FALSE FALSE          0   0   
> (ans <- siena07(myalgorithm, data=mygroup, effects=myeff, batch=TRUE,
+                               silent=TRUE))
Estimates, standard errors and convergence t-ratios

                                   Estimate   Standard   Convergence 
                                                Error      t-ratio   

Rate parameters: 
  0.1      Rate parameter period 1  3.1050  ( 0.4096   )             
  0.2      Rate parameter period 2  3.4061  ( 0.5843   )             

Other parameters: 
  1.  eval outdegree (density)     -1.1485  ( 1.1638   )   -0.4229   
  2.  eval reciprocity              1.8147  ( 0.9422   )   -0.1142   
  3.  eval cova similarity          0.0027  ( 1.9694   )   -0.4641   

Overall maximum convergence ratio:    0.5163 


Total of 285 iteration steps.

> ##test19
> print('test19')
[1] "test19"
> myalgorithm <- sienaAlgorithmCreate(nsub=1, n3=20, seed=1943)
If you use this algorithm object, siena07 will create/use an output file Siena.txt .
> mynet <- sienaDependent(array(c(s501, s502), dim=c(50, 50, 2)))
> alc <- coCovar(s50a[,1])
> smoke <- coCovar(s50s[,1])
> mydata <- sienaDataCreate(mynet, alc, smoke)
> myeff <- getEffects(mydata)
> myeff <- setEffect(myeff, gwespFF)
  effectNumber effectName             shortName include fix   test 
1 55           GWESP I -> K -> J (69) gwespFF   TRUE    FALSE FALSE
  initialValue parm
1          0   69  
> myeff <- setEffect(myeff, gwespFF, parameter=20)
  effectNumber effectName             shortName include fix   test 
1 55           GWESP I -> K -> J (20) gwespFF   TRUE    FALSE FALSE
  initialValue parm
1          0   20  
> myeff <- setEffect(myeff, outTrunc, parameter=2, include=FALSE)
  effectNumber effectName         shortName include fix   test  initialValue
1 123          outdegree-trunc(2) outTrunc  FALSE   FALSE FALSE          0  
  parm
1 2   
> myeff <- includeInteraction(myeff, outTrunc, egoX, egoX,
+                         interaction1=c("","smoke","alc"))
  effectNumber effectName                               shortName include fix  
1 123          outdegree-trunc(2)                       outTrunc  FALSE   FALSE
2 260          alc ego                                  egoX      FALSE   FALSE
3 444          smoke ego                                egoX      FALSE   FALSE
4 613          smoke ego x alc ego x outdegree-trunc(2) unspInt   TRUE    FALSE
  test  initialValue parm effect1 effect2 effect3
1 FALSE          0   2      0       0       0    
2 FALSE          0   0      0       0       0    
3 FALSE          0   0      0       0       0    
4 FALSE          0   0    123     444     260    
> (ans <- siena07(myalgorithm, data=mydata, effects=myeff, batch=TRUE,
+                               silent=TRUE))
Estimates, standard errors and convergence t-ratios

                                                   Estimate   Standard   Convergence 
                                                                Error      t-ratio   

Rate parameters: 
  0       Rate parameter                            6.5214  ( 1.2176   )             

Other parameters: 
  1. eval outdegree (density)                      -2.7629  ( 0.1541   )    0.0529   
  2. eval reciprocity                               2.2463  ( 0.2132   )   -0.0283   
  3. eval GWESP I -> K -> J (20)                    1.6860  ( 0.2467   )    0.0164   
  4. eval smoke ego x alc ego x outdegree-trunc(2)  0.4931  ( 0.2613   )   -0.0452   

Overall maximum convergence ratio:    0.2486 


Total of 297 iteration steps.

> ##test20
> print('test20')
[1] "test20"
> myalgorithm1 <- sienaAlgorithmCreate(nsub=2, n3=50, seed=1293)
If you use this algorithm object, siena07 will create/use an output file Siena.txt .
> myalgorithm2 <- sienaAlgorithmCreate(nsub=2, n3=50, gmm=TRUE, seed=1293)
If you use this algorithm object, siena07 will create/use an output file Siena.txt .
> mynet1 <- sienaDependent(array(c(s501, s502), dim=c(50, 50, 2)))
> mynet2 <- sienaDependent(array(c(s503, s502), dim=c(50, 50, 2)))
> mydata <- sienaDataCreate(mynet1, mynet2)
> myeff <- getEffects(mydata)
> myeff <- includeEffects(myeff, crprod, name='mynet2', interaction1='mynet1')
  effectNumber effectName     shortName include fix   test  initialValue parm
1 716          mynet2: mynet1 crprod    TRUE    FALSE FALSE          0   0   
> myeff <- setEffect(myeff, from, name='mynet1', interaction1='mynet2')
  effectNumber effectName                        shortName include fix   test 
1 349          mynet1: from mynet2 agreement (0) from      TRUE    FALSE FALSE
  initialValue parm
1          0   0   
> (myeff <- includeGMoMStatistics(myeff, from_gmm, name='mynet1',
+                                 interaction1='mynet2'))
    name shortName type include
1 mynet1  from_gmm  gmm    TRUE

 Effects and statistics for estimation by the Generalized Method of Moments

 Effects
  name   effectName                        include fix   test  initialValue
1 mynet1 basic rate parameter mynet1       TRUE    FALSE FALSE    4.69604  
2 mynet1 mynet1: outdegree (density)       TRUE    FALSE FALSE   -1.48852  
3 mynet1 mynet1: reciprocity               TRUE    FALSE FALSE    0.00000  
4 mynet1 mynet1: from mynet2 agreement (0) TRUE    FALSE FALSE    0.00000  
5 mynet2 basic rate parameter mynet2       TRUE    FALSE FALSE    4.32885  
6 mynet2 mynet2: outdegree (density)       TRUE    FALSE FALSE   -1.53104  
7 mynet2 mynet2: reciprocity               TRUE    FALSE FALSE    0.00000  
8 mynet2 mynet2: mynet1                    TRUE    FALSE FALSE    0.00000  
  parm type
1 0    rate
2 0    eval
3 0    eval
4 0    eval
5 0    rate
6 0    eval
7 0    eval
8 0    eval

 Regular and GMoM statistics
  name   effectName                        Statistic
1 mynet1 basic rate parameter mynet1       Regular  
2 mynet1 mynet1: outdegree (density)       Regular  
3 mynet1 mynet1: reciprocity               Regular  
4 mynet1 mynet1: from mynet2 agreement (0) Regular  
5 mynet2 basic rate parameter mynet2       Regular  
6 mynet2 mynet2: outdegree (density)       Regular  
7 mynet2 mynet2: reciprocity               Regular  
8 mynet2 mynet2: mynet1                    Regular  
9 mynet1 mynet1: from mynet2 agreement (#) GMoM     
> (ans <- siena07(myalgorithm1, data=mydata, effects=myeff[myeff$type!="gmm",],
+                 batch=TRUE, silent=TRUE))
Estimates, standard errors and convergence t-ratios

                                            Estimate   Standard   Convergence 
                                                         Error      t-ratio   
  1. rate basic rate parameter mynet1        5.6484  (  4.8181  )    0.4124   
  2. eval mynet1: outdegree (density)       -2.5305  (  3.6595  )   -0.1408   
  3. eval mynet1: reciprocity                1.9880  (  1.7456  )   -0.1755   
  4. eval mynet1: from mynet2 agreement (0)  1.3280  (  0.3647  )    0.0327   
  5. rate basic rate parameter mynet2        4.6919  ( 13.9914  )   -0.0588   
  6. eval mynet2: outdegree (density)       -2.7862  (  6.3305  )   -0.3071   
  7. eval mynet2: reciprocity                1.7889  (  4.4589  )   -0.2856   
  8. eval mynet2: mynet1                     3.1491  ( 16.3708  )   -0.5944   

Overall maximum convergence ratio:    0.8311 


Total of 451 iteration steps.

> (ans1 <- siena07(myalgorithm2, data=mydata, effects=myeff,
+                  batch=TRUE, silent=TRUE))
Estimated by Generalized Method of Moments

Estimates, standard errors and convergence t-ratios

                                            Estimate   Standard   Convergence 
                                                         Error      t-ratio   
  1. rate basic rate parameter mynet1        5.4255  ( 1.0817   )   -0.2549   
  2. eval mynet1: outdegree (density)       -2.5970  ( 0.2717   )    0.1179   
  3. eval mynet1: reciprocity                1.9354  ( 0.4496   )    0.4581   
  4. eval mynet1: from mynet2 agreement (0)  1.4695  ( 0.2798   )    0.5470   
  5. rate basic rate parameter mynet2        4.4444  ( 1.3604   )   -0.1299   
  6. eval mynet2: outdegree (density)       -2.9751  ( 0.4063   )   -0.1273   
  7. eval mynet2: reciprocity                1.9088  ( 0.6160   )    0.2121   
  8. eval mynet2: mynet1                     3.5549  ( 0.8794   )   -0.0522   

Overall maximum convergence ratio:    1.3483 


Total of 405 iteration steps.

> (ans2 <- siena07(myalgorithm2, data=mydata, effects=myeff, prevAns=ans1, batch=TRUE,
+                  silent=TRUE))
Estimated by Generalized Method of Moments

Estimates, standard errors and convergence t-ratios

                                            Estimate   Standard   Convergence 
                                                         Error      t-ratio   
  1. rate basic rate parameter mynet1        5.0506  ( 1.2471   )    0.3424   
  2. eval mynet1: outdegree (density)       -2.4559  ( 0.1976   )    0.4815   
  3. eval mynet1: reciprocity                1.6352  ( 0.3341   )   -0.0907   
  4. eval mynet1: from mynet2 agreement (0)  1.4281  ( 0.3039   )   -0.1970   
  5. rate basic rate parameter mynet2        4.3001  ( 1.2688   )   -0.2889   
  6. eval mynet2: outdegree (density)       -2.6547  ( 0.4704   )    0.0031   
  7. eval mynet2: reciprocity                1.4674  ( 0.2944   )   -0.7729   
  8. eval mynet2: mynet1                     3.2960  ( 0.9690   )   -0.3996   

Overall maximum convergence ratio:    2.2389 


Total of 590 iteration steps.

> 
> ##test21
> # Run simple test model ----
> mynet <- sienaDependent(array(c(s501, s502, s503), dim = c(50, 50, 3)))
> mydata <- sienaDataCreate(mynet)
> mymodel <- getEffects(mydata)
> ## TransitiveTriplets model
> mymodel <- includeEffects(mymodel, transTrip, name = "mynet")
  effectNumber effectName          shortName include fix   test  initialValue
1 21           transitive triplets transTrip TRUE    FALSE FALSE          0  
  parm
1 0   
> # Test returnChangeContributions when running siena07 directly ----
> mycontrols <- sienaAlgorithmCreate(projname="test", nsub=1, n3=60, cond = FALSE)
If you use this algorithm object, siena07 will create/use an output file test.txt .
> ans <- siena07(
+   mycontrols,
+   data = mydata,
+   effects = mymodel,
+   returnChangeContributions = TRUE
+ )
No X11 device available, forcing use of batch mode

Start phase 0 
theta:  4.70  4.33 -1.47  0.00  0.00 

Start phase 1 
Phase 1 Iteration 1 Progress: 0%
Phase 1 Iteration 2 Progress: 0%
Phase 1 Iteration 3 Progress: 1%
Phase 1 Iteration 4 Progress: 1%
Phase 1 Iteration 5 Progress: 1%
Phase 1 Iteration 10 Progress: 2%
Phase 1 Iteration 15 Progress: 3%
Phase 1 Iteration 20 Progress: 3%
Phase 1 Iteration 25 Progress: 4%
Phase 1 Iteration 30 Progress: 5%
Phase 1 Iteration 35 Progress: 6%
Phase 1 Iteration 40 Progress: 7%
Phase 1 Iteration 45 Progress: 8%
Phase 1 Iteration 50 Progress: 8%
theta:  5.181  4.594 -1.712  0.578  0.501 

Start phase 2.1
Phase 2 Subphase 1 Iteration 1 Progress: 51%
Phase 2 Subphase 1 Iteration 2 Progress: 51%
theta  5.086  4.477 -1.815  0.905  0.580 
ac 1.4567 1.0286 0.9795 1.6634 0.0419 
Phase 2 Subphase 1 Iteration 3 Progress: 51%
Phase 2 Subphase 1 Iteration 4 Progress: 52%
theta  5.325  4.227 -2.115  1.701  0.649 
ac 1.412 1.028 1.024 1.044 0.437 
Phase 2 Subphase 1 Iteration 5 Progress: 52%
Phase 2 Subphase 1 Iteration 6 Progress: 52%
theta  5.492  4.273 -2.292  2.111  0.587 
ac 1.046 0.855 0.830 0.859 0.194 
Phase 2 Subphase 1 Iteration 7 Progress: 52%
Phase 2 Subphase 1 Iteration 8 Progress: 52%
theta  6.345  4.604 -2.516  2.459  0.708 
ac  0.780  0.987  0.620  0.261 -0.102 
Phase 2 Subphase 1 Iteration 9 Progress: 52%
Phase 2 Subphase 1 Iteration 10 Progress: 53%
theta  6.568  4.812 -2.625  2.596  0.706 
ac  0.503  1.006  0.459  0.125 -0.160 
theta  6.566  5.058 -2.741  2.641  0.612 
ac -0.10115 -0.00835 -0.25608 -0.23545 -0.25034 
theta:  6.566  5.058 -2.741  2.641  0.612 

Start phase 3 
> length(ans$changeContributions) # 50 as expected
[1] 60
> head(ans$changeContributions[[1]][[1]][[1]])
[[1]]
     [,1] [,2] [,3] [,4] [,5] [,6] [,7] [,8] [,9] [,10] [,11] [,12] [,13] [,14]
[1,]    1    1    1    1    1   -1    1    0    1     1     1     1     1     1
[2,]    0    0    0    0    0   -1    0    0    0     0     0     0     0     0
[3,]    0    0    0    0    0    0    0    0    0     0     0     0     0     0
     [,15] [,16] [,17] [,18] [,19] [,20] [,21] [,22] [,23] [,24] [,25] [,26]
[1,]     1     1     1     1     1     1     1     1     1     1     1     1
[2,]     0     0     0     0     0     0     0     0     0     0     0     0
[3,]     0     0     0     0     0     0     0     0     0     0     0     0
     [,27] [,28] [,29] [,30] [,31] [,32] [,33] [,34] [,35] [,36] [,37] [,38]
[1,]     1     1     1     1     1     1     1     1     1     1     1     1
[2,]     0     0     0     0     0     0     0     0     0     0     0     0
[3,]     0     0     0     0     0     0     0     0     0     0     0     0
     [,39] [,40] [,41] [,42] [,43] [,44] [,45] [,46] [,47] [,48] [,49] [,50]
[1,]     1     1     1     1     1     1     1     1     1     1     1     1
[2,]     0     0     0     0     0     0     0     0     0     0     0     0
[3,]     0     0     0     0     0     0     0     0     0     0     0     0
attr(,"effectNames")
[1] "density"   "recip"     "transTrip"
attr(,"effectTypes")
[1] "eval" "eval" "eval"
attr(,"networkName")
[1] "mynet"
attr(,"networkType")
[1] "oneMode"

[[2]]
     [,1] [,2] [,3] [,4] [,5] [,6] [,7] [,8] [,9] [,10] [,11] [,12] [,13] [,14]
[1,]    1    1    1    1    1    1    1    1    1     1     1     1     1     1
[2,]    0    0    0    0    0    0    0    0    0     0     0     0     0     0
[3,]    0    0    0    0    0    0    0    0    0     0     0     0     0     0
     [,15] [,16] [,17] [,18] [,19] [,20] [,21] [,22] [,23] [,24] [,25] [,26]
[1,]     1     1     1     1     1     1     1     1     1     1     1     1
[2,]     0     0     0     0     0     0     0     0     0     0     0     0
[3,]     0     0     0     0     0     0     0     0     0     0     0     0
     [,27] [,28] [,29] [,30] [,31] [,32] [,33] [,34] [,35] [,36] [,37] [,38]
[1,]     1     1     1     1     1     1     1     1     1     1     1     1
[2,]     0     0     0     0     0     0     0     0     0     0     0     0
[3,]     0     0     0     0     0     0     0     0     0     0     0     0
     [,39] [,40] [,41] [,42] [,43] [,44] [,45] [,46] [,47] [,48] [,49] [,50]
[1,]     1    -1     1     1     1     1    -1     0     1     1    -1     1
[2,]     0    -1     0     0     0     0    -1     0     0     1    -1     0
[3,]     0    -2     0     0     0     0    -2     0     2     2     0     0
attr(,"effectNames")
[1] "density"   "recip"     "transTrip"
attr(,"effectTypes")
[1] "eval" "eval" "eval"
attr(,"networkName")
[1] "mynet"
attr(,"networkType")
[1] "oneMode"

[[3]]
     [,1] [,2] [,3] [,4] [,5] [,6] [,7] [,8] [,9] [,10] [,11] [,12] [,13] [,14]
[1,]    1    1    1    1    1    1    1    1    1     1     1     1     1     1
[2,]    0    0    0    0    0    0    0    0    0     0     0     0     0     0
[3,]    0    0    0    0    2    0    0    0    0     0     0     0     0     0
     [,15] [,16] [,17] [,18] [,19] [,20] [,21] [,22] [,23] [,24] [,25] [,26]
[1,]     1     1     1     1     1     1     1    -1     1     1     0     1
[2,]     0     0     0     0     0     0     0     0     0     0     0     0
[3,]     0     0     2     0     0     0     4    -1     0     1     0     0
     [,27] [,28] [,29] [,30] [,31] [,32] [,33] [,34] [,35] [,36] [,37] [,38]
[1,]     1     1     1     1    -1    -1     1     1     1     1     1     1
[2,]     0     0     0     0    -1     0     0     0     0     0     0     0
[3,]     0     0     0     0    -3    -2     0     2     0     0     3     0
     [,39] [,40] [,41] [,42] [,43] [,44] [,45] [,46] [,47] [,48] [,49] [,50]
[1,]     1     1     1     1     1     1     1     1     1     1     1     1
[2,]     0     0     0     0     0     0     0     0     0     0     0     0
[3,]     0     0     0     0     1     0     0     0     0     0     0     0
attr(,"effectNames")
[1] "density"   "recip"     "transTrip"
attr(,"effectTypes")
[1] "eval" "eval" "eval"
attr(,"networkName")
[1] "mynet"
attr(,"networkType")
[1] "oneMode"

[[4]]
     [,1] [,2] [,3] [,4] [,5] [,6] [,7] [,8] [,9] [,10] [,11] [,12] [,13] [,14]
[1,]   -1    1    1    1    1    1    1    1    1    -1    -1     1     1     0
[2,]   -1    0    0    0    0    0    0    0    0     0     0     0     0     0
[3,]   -1    2    0    0    0    0    0    0    0    -1    -2     0     0     0
     [,15] [,16] [,17] [,18] [,19] [,20] [,21] [,22] [,23] [,24] [,25] [,26]
[1,]     1     1     1     1     1     1     1     1     1     1     1     1
[2,]     0     0     0     0     0     0     0     0     0     0     0     0
[3,]     4     2     0     0     1     0     0     0     0     0     0     0
     [,27] [,28] [,29] [,30] [,31] [,32] [,33] [,34] [,35] [,36] [,37] [,38]
[1,]     1     1     1     1     1     1     1     1     1     1     1     1
[2,]     0     0     0     0     0     0     0     0     0     0     0     0
[3,]     0     0     0     1     0     0     2     0     0     0     0     0
     [,39] [,40] [,41] [,42] [,43] [,44] [,45] [,46] [,47] [,48] [,49] [,50]
[1,]     1     1     1     1     1     1     1     1     1     1     1     1
[2,]     0     0     0     0     0     0     0     0     0     0     0     0
[3,]     0     0     0     0     0     0     0     1     0     0     0     0
attr(,"effectNames")
[1] "density"   "recip"     "transTrip"
attr(,"effectTypes")
[1] "eval" "eval" "eval"
attr(,"networkName")
[1] "mynet"
attr(,"networkType")
[1] "oneMode"

[[5]]
     [,1] [,2] [,3] [,4] [,5] [,6] [,7] [,8] [,9] [,10] [,11] [,12] [,13] [,14]
[1,]    1    1    1    1    1    1   -1    1    1     1     1     1     1     1
[2,]    0    0    0    0    0    0    0    0    0     0     0     0     0     0
[3,]    0    2    0    0    0    0   -2    0    0     0     0     2     0     0
     [,15] [,16] [,17] [,18] [,19] [,20] [,21] [,22] [,23] [,24] [,25] [,26]
[1,]     1     1     1     1     1     1     1     1     1     1     1     0
[2,]     0     0     0     0     1     0     0     0     0     0     0     0
[3,]     0     0     0     0     0     0     0     0     0     0     1     0
     [,27] [,28] [,29] [,30] [,31] [,32] [,33] [,34] [,35] [,36] [,37] [,38]
[1,]     1     1    -1     1     1     1     1     1     1     1     1     1
[2,]     0     0    -1     1     0     0     0     0     0     0     0     0
[3,]     1     0     0     2     0     0     1     0     0     0     0     0
     [,39] [,40] [,41] [,42] [,43] [,44] [,45] [,46] [,47] [,48] [,49] [,50]
[1,]     1     1     1     1     1    -1     1     1     1     1     1     1
[2,]     0     0     0     0     0     0     0     0     0     0     0     0
[3,]     0     0     0     4     0    -2     0     0     0     0     0     0
attr(,"effectNames")
[1] "density"   "recip"     "transTrip"
attr(,"effectTypes")
[1] "eval" "eval" "eval"
attr(,"networkName")
[1] "mynet"
attr(,"networkType")
[1] "oneMode"

[[6]]
     [,1] [,2] [,3] [,4] [,5] [,6] [,7] [,8] [,9] [,10] [,11] [,12] [,13] [,14]
[1,]    1    1    1    1    1    1    1    1    1     1     1     1     1     1
[2,]    0    0    0    0    0    0    0    0    0     0     0     0     0     0
[3,]    0    0    0    0    0    0    0    0    0     0     0     0     0     0
     [,15] [,16] [,17] [,18] [,19] [,20] [,21] [,22] [,23] [,24] [,25] [,26]
[1,]     1     1     1     1     1     1     1     1     1     1     1     1
[2,]     0     0     0     0     0     0     0     0     0     0     0     0
[3,]     0     0     0     0     0     0     0     0     0     0     0     0
     [,27] [,28] [,29] [,30] [,31] [,32] [,33] [,34] [,35] [,36] [,37] [,38]
[1,]     1     1     1     1     1     1     1     1     1     1     1     1
[2,]     0     0     0     0     0     0     0     0     0     0     0     0
[3,]     0     0     0     0     0     0     0     0     0     0     0     0
     [,39] [,40] [,41] [,42] [,43] [,44] [,45] [,46] [,47] [,48] [,49] [,50]
[1,]     1     1     1     1     1     1     1     1     1     1     1     0
[2,]     0     0     0     0     0     0     0     0     0     0     0     0
[3,]     0     0     0     0     0     0     0     0     0     0     0     0
attr(,"effectNames")
[1] "density"   "recip"     "transTrip"
attr(,"effectTypes")
[1] "eval" "eval" "eval"
attr(,"networkName")
[1] "mynet"
attr(,"networkType")
[1] "oneMode"

> dim(ans$changeContributions[[1]][[1]][[1]][[1]]) # 3 x 50 as expected
[1]  3 50
> # Test returnChangeContributions when setting msub = 0 and prevAns = ans, using batch mode
> mycontrols$nsub <- 0
> ans2 <- siena07(
+   mycontrols,
+   data=mydata,
+   effects=mymodel,
+   batch=TRUE,
+   prevAns = ans,
+   returnChangeContributions = TRUE)

Start phase 0 
theta:  6.566  5.058 -2.741  2.641  0.612 

Start phase 3 
> length(ans$changeContributions) # 60 chainsas expected
[1] 60
> head(ans$changeContributions[[1]][[1]][[1]])
[[1]]
     [,1] [,2] [,3] [,4] [,5] [,6] [,7] [,8] [,9] [,10] [,11] [,12] [,13] [,14]
[1,]    1    1    1    1    1   -1    1    0    1     1     1     1     1     1
[2,]    0    0    0    0    0   -1    0    0    0     0     0     0     0     0
[3,]    0    0    0    0    0    0    0    0    0     0     0     0     0     0
     [,15] [,16] [,17] [,18] [,19] [,20] [,21] [,22] [,23] [,24] [,25] [,26]
[1,]     1     1     1     1     1     1     1     1     1     1     1     1
[2,]     0     0     0     0     0     0     0     0     0     0     0     0
[3,]     0     0     0     0     0     0     0     0     0     0     0     0
     [,27] [,28] [,29] [,30] [,31] [,32] [,33] [,34] [,35] [,36] [,37] [,38]
[1,]     1     1     1     1     1     1     1     1     1     1     1     1
[2,]     0     0     0     0     0     0     0     0     0     0     0     0
[3,]     0     0     0     0     0     0     0     0     0     0     0     0
     [,39] [,40] [,41] [,42] [,43] [,44] [,45] [,46] [,47] [,48] [,49] [,50]
[1,]     1     1     1     1     1     1     1     1     1     1     1     1
[2,]     0     0     0     0     0     0     0     0     0     0     0     0
[3,]     0     0     0     0     0     0     0     0     0     0     0     0
attr(,"effectNames")
[1] "density"   "recip"     "transTrip"
attr(,"effectTypes")
[1] "eval" "eval" "eval"
attr(,"networkName")
[1] "mynet"
attr(,"networkType")
[1] "oneMode"

[[2]]
     [,1] [,2] [,3] [,4] [,5] [,6] [,7] [,8] [,9] [,10] [,11] [,12] [,13] [,14]
[1,]    1    1    1    1    1    1    1    1    1     1     1     1     1     1
[2,]    0    0    0    0    0    0    0    0    0     0     0     0     0     0
[3,]    0    0    0    0    0    0    0    0    0     0     0     0     0     0
     [,15] [,16] [,17] [,18] [,19] [,20] [,21] [,22] [,23] [,24] [,25] [,26]
[1,]     1     1     1     1     1     1     1     1     1     1     1     1
[2,]     0     0     0     0     0     0     0     0     0     0     0     0
[3,]     0     0     0     0     0     0     0     0     0     0     0     0
     [,27] [,28] [,29] [,30] [,31] [,32] [,33] [,34] [,35] [,36] [,37] [,38]
[1,]     1     1     1     1     1     1     1     1     1     1     1     1
[2,]     0     0     0     0     0     0     0     0     0     0     0     0
[3,]     0     0     0     0     0     0     0     0     0     0     0     0
     [,39] [,40] [,41] [,42] [,43] [,44] [,45] [,46] [,47] [,48] [,49] [,50]
[1,]     1    -1     1     1     1     1    -1     0     1     1    -1     1
[2,]     0    -1     0     0     0     0    -1     0     0     1    -1     0
[3,]     0    -2     0     0     0     0    -2     0     2     2     0     0
attr(,"effectNames")
[1] "density"   "recip"     "transTrip"
attr(,"effectTypes")
[1] "eval" "eval" "eval"
attr(,"networkName")
[1] "mynet"
attr(,"networkType")
[1] "oneMode"

[[3]]
     [,1] [,2] [,3] [,4] [,5] [,6] [,7] [,8] [,9] [,10] [,11] [,12] [,13] [,14]
[1,]    1    1    1    1    1    1    1    1    1     1     1     1     1     1
[2,]    0    0    0    0    0    0    0    0    0     0     0     0     0     0
[3,]    0    0    0    0    2    0    0    0    0     0     0     0     0     0
     [,15] [,16] [,17] [,18] [,19] [,20] [,21] [,22] [,23] [,24] [,25] [,26]
[1,]     1     1     1     1     1     1     1    -1     1     1     0     1
[2,]     0     0     0     0     0     0     0     0     0     0     0     0
[3,]     0     0     2     0     0     0     4    -1     0     1     0     0
     [,27] [,28] [,29] [,30] [,31] [,32] [,33] [,34] [,35] [,36] [,37] [,38]
[1,]     1     1     1     1    -1    -1     1     1     1     1     1     1
[2,]     0     0     0     0    -1     0     0     0     0     0     0     0
[3,]     0     0     0     0    -3    -2     0     2     0     0     3     0
     [,39] [,40] [,41] [,42] [,43] [,44] [,45] [,46] [,47] [,48] [,49] [,50]
[1,]     1     1     1     1     1     1     1     1     1     1     1     1
[2,]     0     0     0     0     0     0     0     0     0     0     0     0
[3,]     0     0     0     0     1     0     0     0     0     0     0     0
attr(,"effectNames")
[1] "density"   "recip"     "transTrip"
attr(,"effectTypes")
[1] "eval" "eval" "eval"
attr(,"networkName")
[1] "mynet"
attr(,"networkType")
[1] "oneMode"

[[4]]
     [,1] [,2] [,3] [,4] [,5] [,6] [,7] [,8] [,9] [,10] [,11] [,12] [,13] [,14]
[1,]   -1    1    1    1    1    1    1    1    1    -1    -1     1     1     0
[2,]   -1    0    0    0    0    0    0    0    0     0     0     0     0     0
[3,]   -1    2    0    0    0    0    0    0    0    -1    -2     0     0     0
     [,15] [,16] [,17] [,18] [,19] [,20] [,21] [,22] [,23] [,24] [,25] [,26]
[1,]     1     1     1     1     1     1     1     1     1     1     1     1
[2,]     0     0     0     0     0     0     0     0     0     0     0     0
[3,]     4     2     0     0     1     0     0     0     0     0     0     0
     [,27] [,28] [,29] [,30] [,31] [,32] [,33] [,34] [,35] [,36] [,37] [,38]
[1,]     1     1     1     1     1     1     1     1     1     1     1     1
[2,]     0     0     0     0     0     0     0     0     0     0     0     0
[3,]     0     0     0     1     0     0     2     0     0     0     0     0
     [,39] [,40] [,41] [,42] [,43] [,44] [,45] [,46] [,47] [,48] [,49] [,50]
[1,]     1     1     1     1     1     1     1     1     1     1     1     1
[2,]     0     0     0     0     0     0     0     0     0     0     0     0
[3,]     0     0     0     0     0     0     0     1     0     0     0     0
attr(,"effectNames")
[1] "density"   "recip"     "transTrip"
attr(,"effectTypes")
[1] "eval" "eval" "eval"
attr(,"networkName")
[1] "mynet"
attr(,"networkType")
[1] "oneMode"

[[5]]
     [,1] [,2] [,3] [,4] [,5] [,6] [,7] [,8] [,9] [,10] [,11] [,12] [,13] [,14]
[1,]    1    1    1    1    1    1   -1    1    1     1     1     1     1     1
[2,]    0    0    0    0    0    0    0    0    0     0     0     0     0     0
[3,]    0    2    0    0    0    0   -2    0    0     0     0     2     0     0
     [,15] [,16] [,17] [,18] [,19] [,20] [,21] [,22] [,23] [,24] [,25] [,26]
[1,]     1     1     1     1     1     1     1     1     1     1     1     0
[2,]     0     0     0     0     1     0     0     0     0     0     0     0
[3,]     0     0     0     0     0     0     0     0     0     0     1     0
     [,27] [,28] [,29] [,30] [,31] [,32] [,33] [,34] [,35] [,36] [,37] [,38]
[1,]     1     1    -1     1     1     1     1     1     1     1     1     1
[2,]     0     0    -1     1     0     0     0     0     0     0     0     0
[3,]     1     0     0     2     0     0     1     0     0     0     0     0
     [,39] [,40] [,41] [,42] [,43] [,44] [,45] [,46] [,47] [,48] [,49] [,50]
[1,]     1     1     1     1     1    -1     1     1     1     1     1     1
[2,]     0     0     0     0     0     0     0     0     0     0     0     0
[3,]     0     0     0     4     0    -2     0     0     0     0     0     0
attr(,"effectNames")
[1] "density"   "recip"     "transTrip"
attr(,"effectTypes")
[1] "eval" "eval" "eval"
attr(,"networkName")
[1] "mynet"
attr(,"networkType")
[1] "oneMode"

[[6]]
     [,1] [,2] [,3] [,4] [,5] [,6] [,7] [,8] [,9] [,10] [,11] [,12] [,13] [,14]
[1,]    1    1    1    1    1    1    1    1    1     1     1     1     1     1
[2,]    0    0    0    0    0    0    0    0    0     0     0     0     0     0
[3,]    0    0    0    0    0    0    0    0    0     0     0     0     0     0
     [,15] [,16] [,17] [,18] [,19] [,20] [,21] [,22] [,23] [,24] [,25] [,26]
[1,]     1     1     1     1     1     1     1     1     1     1     1     1
[2,]     0     0     0     0     0     0     0     0     0     0     0     0
[3,]     0     0     0     0     0     0     0     0     0     0     0     0
     [,27] [,28] [,29] [,30] [,31] [,32] [,33] [,34] [,35] [,36] [,37] [,38]
[1,]     1     1     1     1     1     1     1     1     1     1     1     1
[2,]     0     0     0     0     0     0     0     0     0     0     0     0
[3,]     0     0     0     0     0     0     0     0     0     0     0     0
     [,39] [,40] [,41] [,42] [,43] [,44] [,45] [,46] [,47] [,48] [,49] [,50]
[1,]     1     1     1     1     1     1     1     1     1     1     1     0
[2,]     0     0     0     0     0     0     0     0     0     0     0     0
[3,]     0     0     0     0     0     0     0     0     0     0     0     0
attr(,"effectNames")
[1] "density"   "recip"     "transTrip"
attr(,"effectTypes")
[1] "eval" "eval" "eval"
attr(,"networkName")
[1] "mynet"
attr(,"networkType")
[1] "oneMode"

> lapply(ans$changeContributions[[1]][[1]][[1]], dim) # 3 x 50 as expected
[[1]]
[1]  3 50

[[2]]
[1]  3 50

[[3]]
[1]  3 50

[[4]]
[1]  3 50

[[5]]
[1]  3 50

[[6]]
[1]  3 50

[[7]]
[1]  3 50

[[8]]
[1]  3 50

[[9]]
[1]  3 50

[[10]]
[1]  3 50

[[11]]
[1]  3 50

[[12]]
[1]  3 50

[[13]]
[1]  3 50

[[14]]
[1]  3 50

[[15]]
[1]  3 50

[[16]]
[1]  3 50

[[17]]
[1]  3 50

[[18]]
[1]  3 50

[[19]]
[1]  3 50

[[20]]
[1]  3 50

[[21]]
[1]  3 50

[[22]]
[1]  3 50

[[23]]
[1]  3 50

[[24]]
[1]  3 50

[[25]]
[1]  3 50

[[26]]
[1]  3 50

[[27]]
[1]  3 50

[[28]]
[1]  3 50

[[29]]
[1]  3 50

[[30]]
[1]  3 50

[[31]]
[1]  3 50

[[32]]
[1]  3 50

[[33]]
[1]  3 50

[[34]]
[1]  3 50

[[35]]
[1]  3 50

[[36]]
[1]  3 50

[[37]]
[1]  3 50

[[38]]
[1]  3 50

[[39]]
[1]  3 50

[[40]]
[1]  3 50

[[41]]
[1]  3 50

[[42]]
[1]  3 50

[[43]]
[1]  3 50

[[44]]
[1]  3 50

[[45]]
[1]  3 50

[[46]]
[1]  3 50

[[47]]
[1]  3 50

[[48]]
[1]  3 50

[[49]]
[1]  3 50

[[50]]
[1]  3 50

[[51]]
[1]  3 50

[[52]]
[1]  3 50

[[53]]
[1]  3 50

[[54]]
[1]  3 50

[[55]]
[1]  3 50

[[56]]
[1]  3 50

[[57]]
[1]  3 50

[[58]]
[1]  3 50

[[59]]
[1]  3 50

[[60]]
[1]  3 50

[[61]]
[1]  3 50

[[62]]
[1]  3 50

[[63]]
[1]  3 50

[[64]]
[1]  3 50

[[65]]
[1]  3 50

[[66]]
[1]  3 50

[[67]]
[1]  3 50

[[68]]
[1]  3 50

[[69]]
[1]  3 50

[[70]]
[1]  3 50

[[71]]
[1]  3 50

[[72]]
[1]  3 50

[[73]]
[1]  3 50

[[74]]
[1]  3 50

[[75]]
[1]  3 50

[[76]]
[1]  3 50

[[77]]
[1]  3 50

[[78]]
[1]  3 50

[[79]]
[1]  3 50

[[80]]
[1]  3 50

[[81]]
[1]  3 50

[[82]]
[1]  3 50

[[83]]
[1]  3 50

[[84]]
[1]  3 50

[[85]]
[1]  3 50

[[86]]
[1]  3 50

[[87]]
[1]  3 50

[[88]]
[1]  3 50

[[89]]
[1]  3 50

[[90]]
[1]  3 50

[[91]]
[1]  3 50

[[92]]
[1]  3 50

[[93]]
[1]  3 50

[[94]]
[1]  3 50

[[95]]
[1]  3 50

[[96]]
[1]  3 50

[[97]]
[1]  3 50

[[98]]
[1]  3 50

[[99]]
[1]  3 50

[[100]]
[1]  3 50

[[101]]
[1]  3 50

[[102]]
[1]  3 50

[[103]]
[1]  3 50

[[104]]
[1]  3 50

[[105]]
[1]  3 50

[[106]]
[1]  3 50

[[107]]
[1]  3 50

[[108]]
[1]  3 50

[[109]]
[1]  3 50

[[110]]
[1]  3 50

[[111]]
[1]  3 50

[[112]]
[1]  3 50

[[113]]
[1]  3 50

[[114]]
[1]  3 50

[[115]]
[1]  3 50

[[116]]
[1]  3 50

[[117]]
[1]  3 50

[[118]]
[1]  3 50

[[119]]
[1]  3 50

[[120]]
[1]  3 50

[[121]]
[1]  3 50

[[122]]
[1]  3 50

[[123]]
[1]  3 50

[[124]]
[1]  3 50

[[125]]
[1]  3 50

[[126]]
[1]  3 50

[[127]]
[1]  3 50

[[128]]
[1]  3 50

[[129]]
[1]  3 50

[[130]]
[1]  3 50

[[131]]
[1]  3 50

[[132]]
[1]  3 50

[[133]]
[1]  3 50

[[134]]
[1]  3 50

[[135]]
[1]  3 50

[[136]]
[1]  3 50

[[137]]
[1]  3 50

[[138]]
[1]  3 50

[[139]]
[1]  3 50

[[140]]
[1]  3 50

[[141]]
[1]  3 50

[[142]]
[1]  3 50

[[143]]
[1]  3 50

[[144]]
[1]  3 50

[[145]]
[1]  3 50

[[146]]
[1]  3 50

[[147]]
[1]  3 50

[[148]]
[1]  3 50

[[149]]
[1]  3 50

[[150]]
[1]  3 50

[[151]]
[1]  3 50

[[152]]
[1]  3 50

[[153]]
[1]  3 50

[[154]]
[1]  3 50

[[155]]
[1]  3 50

[[156]]
[1]  3 50

[[157]]
[1]  3 50

[[158]]
[1]  3 50

[[159]]
[1]  3 50

[[160]]
[1]  3 50

[[161]]
[1]  3 50

[[162]]
[1]  3 50

[[163]]
[1]  3 50

[[164]]
[1]  3 50

[[165]]
[1]  3 50

[[166]]
[1]  3 50

[[167]]
[1]  3 50

[[168]]
[1]  3 50

[[169]]
[1]  3 50

[[170]]
[1]  3 50

[[171]]
[1]  3 50

[[172]]
[1]  3 50

[[173]]
[1]  3 50

[[174]]
[1]  3 50

[[175]]
[1]  3 50

[[176]]
[1]  3 50

[[177]]
[1]  3 50

[[178]]
[1]  3 50

[[179]]
[1]  3 50

[[180]]
[1]  3 50

[[181]]
[1]  3 50

[[182]]
[1]  3 50

[[183]]
[1]  3 50

[[184]]
[1]  3 50

[[185]]
[1]  3 50

[[186]]
[1]  3 50

[[187]]
[1]  3 50

[[188]]
[1]  3 50

[[189]]
[1]  3 50

[[190]]
[1]  3 50

[[191]]
[1]  3 50

[[192]]
[1]  3 50

[[193]]
[1]  3 50

[[194]]
[1]  3 50

[[195]]
[1]  3 50

[[196]]
[1]  3 50

[[197]]
[1]  3 50

[[198]]
[1]  3 50

[[199]]
[1]  3 50

[[200]]
[1]  3 50

[[201]]
[1]  3 50

[[202]]
[1]  3 50

[[203]]
[1]  3 50

[[204]]
[1]  3 50

[[205]]
[1]  3 50

[[206]]
[1]  3 50

[[207]]
[1]  3 50

[[208]]
[1]  3 50

[[209]]
[1]  3 50

[[210]]
[1]  3 50

[[211]]
[1]  3 50

[[212]]
[1]  3 50

[[213]]
[1]  3 50

[[214]]
[1]  3 50

[[215]]
[1]  3 50

[[216]]
[1]  3 50

[[217]]
[1]  3 50

[[218]]
[1]  3 50

[[219]]
[1]  3 50

[[220]]
[1]  3 50

[[221]]
[1]  3 50

[[222]]
[1]  3 50

[[223]]
[1]  3 50

[[224]]
[1]  3 50

[[225]]
[1]  3 50

[[226]]
[1]  3 50

[[227]]
[1]  3 50

[[228]]
[1]  3 50

[[229]]
[1]  3 50

[[230]]
[1]  3 50

[[231]]
[1]  3 50

[[232]]
[1]  3 50

[[233]]
[1]  3 50

[[234]]
[1]  3 50

[[235]]
[1]  3 50

[[236]]
[1]  3 50

[[237]]
[1]  3 50

[[238]]
[1]  3 50

[[239]]
[1]  3 50

[[240]]
[1]  3 50

[[241]]
[1]  3 50

[[242]]
[1]  3 50

[[243]]
[1]  3 50

[[244]]
[1]  3 50

[[245]]
[1]  3 50

[[246]]
[1]  3 50

[[247]]
[1]  3 50

[[248]]
[1]  3 50

[[249]]
[1]  3 50

[[250]]
[1]  3 50

[[251]]
[1]  3 50

[[252]]
[1]  3 50

[[253]]
[1]  3 50

[[254]]
[1]  3 50

[[255]]
[1]  3 50

[[256]]
[1]  3 50

[[257]]
[1]  3 50

[[258]]
[1]  3 50

[[259]]
[1]  3 50

[[260]]
[1]  3 50

[[261]]
[1]  3 50

[[262]]
[1]  3 50

[[263]]
[1]  3 50

[[264]]
[1]  3 50

[[265]]
[1]  3 50

[[266]]
[1]  3 50

[[267]]
[1]  3 50

[[268]]
[1]  3 50

[[269]]
[1]  3 50

[[270]]
[1]  3 50

[[271]]
[1]  3 50

[[272]]
[1]  3 50

[[273]]
[1]  3 50

[[274]]
[1]  3 50

[[275]]
[1]  3 50

[[276]]
[1]  3 50

[[277]]
[1]  3 50

[[278]]
[1]  3 50

[[279]]
[1]  3 50

[[280]]
[1]  3 50

[[281]]
[1]  3 50

[[282]]
[1]  3 50

[[283]]
[1]  3 50

[[284]]
[1]  3 50

[[285]]
[1]  3 50

[[286]]
[1]  3 50

[[287]]
[1]  3 50

[[288]]
[1]  3 50

[[289]]
[1]  3 50

[[290]]
[1]  3 50

[[291]]
[1]  3 50

[[292]]
[1]  3 50

[[293]]
[1]  3 50

[[294]]
[1]  3 50

[[295]]
[1]  3 50

[[296]]
[1]  3 50

[[297]]
[1]  3 50

[[298]]
[1]  3 50

[[299]]
[1]  3 50

[[300]]
[1]  3 50

[[301]]
[1]  3 50

[[302]]
[1]  3 50

[[303]]
[1]  3 50

[[304]]
[1]  3 50

[[305]]
[1]  3 50

[[306]]
[1]  3 50

[[307]]
[1]  3 50

[[308]]
[1]  3 50

[[309]]
[1]  3 50

[[310]]
[1]  3 50

[[311]]
[1]  3 50

[[312]]
[1]  3 50

[[313]]
[1]  3 50

[[314]]
[1]  3 50

[[315]]
[1]  3 50

[[316]]
[1]  3 50

[[317]]
[1]  3 50

[[318]]
[1]  3 50

[[319]]
[1]  3 50

[[320]]
[1]  3 50

[[321]]
[1]  3 50

[[322]]
[1]  3 50

[[323]]
[1]  3 50

[[324]]
[1]  3 50

[[325]]
[1]  3 50

> 
> ##test22
> # Test sienaRIDynamics ----
> ## Unconditional Estimation ----
> ### Use changeContributions from ans ----
> RIDynamics1 <- sienaRIDynamics(data=mydata, 
+      ans=ans, 
+      useChangeContributions=TRUE, 
+      intervalsPerPeriod=10)
No X11 device available, forcing use of batch mode

Start phase 0 
theta:  6.566  5.058 -2.741  2.641  0.612 

Start phase 3 
> RIDynamics1

  Relative importance of effects in ministeps of dependent variable 'mynet'. 
 
  Periods between observations are devided into 10 intervals. 
 
  Displayed results are aggregations over intervals:


Period 1:
                                                    int 1     int 2     int 3     int 4     int 5     
 
  1. eval outdegree (density)                       0.4620    0.4864    0.5022    0.5240    0.5253  
  2. eval reciprocity                               0.3910    0.3732    0.3645    0.3506    0.3508  
  3. eval transitive triplets                       0.1470    0.1404    0.1333    0.1254    0.1240  

                                                    int 6     int 7     int 8     int 9     int 10    
 
  1. eval outdegree (density)                       0.5328    0.5385    0.5451    0.5570    0.5533  
  2. eval reciprocity                               0.3507    0.3411    0.3320    0.3261    0.3221  
  3. eval transitive triplets                       0.1165    0.1204    0.1229    0.1169    0.1247  



Period 2:
                                                    int 1     int 2     int 3     int 4     int 5     
 
  1. eval outdegree (density)                       0.5015    0.5337    0.5486    0.5521    0.5568  
  2. eval reciprocity                               0.3412    0.3290    0.3193    0.3234    0.3179  
  3. eval transitive triplets                       0.1573    0.1373    0.1321    0.1246    0.1252  

                                                    int 6     int 7     int 8     int 9     int 10    
 
  1. eval outdegree (density)                       0.5564    0.5632    0.5587    0.5529    0.5678  
  2. eval reciprocity                               0.3198    0.3146    0.3180    0.3276    0.3087  
  3. eval transitive triplets                       0.1237    0.1221    0.1234    0.1195    0.1236  

> 
> ### Unconditional Estimation with model rerun
> mycontrols2 <- sienaAlgorithmCreate(nsub=2, n3=60, cond=FALSE)
If you use this algorithm object, siena07 will create/use an output file Siena.txt .
> mynet2 <- sienaDependent(array(c(tmp3, tmp4), dim=c(32, 32, 2)))
> mydata2 <- sienaDataCreate(mynet2)
> mymodel2 <- getEffects(mydata2)
> mymodel2 <- includeEffects(mymodel2, density, recip, transTies, nbrDist2)
  effectNumber effectName                 shortName include fix   test 
1 11           outdegree (density)        density   TRUE    FALSE FALSE
2 14           reciprocity                recip     TRUE    FALSE FALSE
3 43           transitive ties            transTies TRUE    FALSE FALSE
4 50           number of actors at dist 2 nbrDist2  TRUE    FALSE FALSE
  initialValue parm
1   -0.56039   0   
2    0.00000   0   
3    0.00000   0   
4    0.00000   0   
> ans2 <- siena07(mycontrols2, data=mydata2, effects=mymodel2, batch=TRUE)

Start phase 0 
theta:  4.81 -0.56  0.00  0.00  0.00 

Start phase 1 
Phase 1 Iteration 1 Progress: 0%
Phase 1 Iteration 2 Progress: 0%
Phase 1 Iteration 3 Progress: 0%
Phase 1 Iteration 4 Progress: 0%
Phase 1 Iteration 5 Progress: 1%
Phase 1 Iteration 10 Progress: 1%
Phase 1 Iteration 15 Progress: 2%
Phase 1 Iteration 20 Progress: 2%
Phase 1 Iteration 25 Progress: 3%
Phase 1 Iteration 30 Progress: 3%
Phase 1 Iteration 35 Progress: 4%
Phase 1 Iteration 40 Progress: 5%
Phase 1 Iteration 45 Progress: 5%
Phase 1 Iteration 50 Progress: 6%
theta:  4.8333 -0.8374  0.4434  0.2499 -0.0367 

Start phase 2.1
Phase 2 Subphase 1 Iteration 1 Progress: 35%
Phase 2 Subphase 1 Iteration 2 Progress: 35%
theta  4.5398 -0.9404  0.7248  0.3810 -0.0867 
ac 1.458 1.016 0.538 1.308 1.942 
Phase 2 Subphase 1 Iteration 3 Progress: 35%
Phase 2 Subphase 1 Iteration 4 Progress: 35%
theta  3.939 -1.281  1.675  0.691 -0.214 
ac 1.506 1.573 0.558 1.168 2.286 
Phase 2 Subphase 1 Iteration 5 Progress: 35%
Phase 2 Subphase 1 Iteration 6 Progress: 35%
theta  3.389 -1.570  2.289  0.936 -0.300 
ac 1.386 1.606 0.551 1.040 2.322 
Phase 2 Subphase 1 Iteration 7 Progress: 35%
Phase 2 Subphase 1 Iteration 8 Progress: 36%
theta  2.939 -1.752  2.601  1.050 -0.337 
ac 1.263 0.868 0.422 0.608 1.625 
Phase 2 Subphase 1 Iteration 9 Progress: 36%
Phase 2 Subphase 1 Iteration 10 Progress: 36%
theta  2.889 -1.949  2.762  1.143 -0.354 
ac 1.195 0.792 0.420 0.507 1.569 
theta  3.262 -2.244  2.200  1.520 -0.273 
ac 0.0645 0.2081 0.0780 0.1158 0.1197 
theta:  3.262 -2.244  2.200  1.520 -0.273 

Start phase 2.2
Phase 2 Subphase 2 Iteration 1 Progress: 61%
Phase 2 Subphase 2 Iteration 2 Progress: 62%
Phase 2 Subphase 2 Iteration 3 Progress: 62%
Phase 2 Subphase 2 Iteration 4 Progress: 62%
Phase 2 Subphase 2 Iteration 5 Progress: 62%
Phase 2 Subphase 2 Iteration 6 Progress: 62%
Phase 2 Subphase 2 Iteration 7 Progress: 62%
Phase 2 Subphase 2 Iteration 8 Progress: 62%
Phase 2 Subphase 2 Iteration 9 Progress: 62%
Phase 2 Subphase 2 Iteration 10 Progress: 62%
theta  3.333 -2.286  2.148  1.551 -0.263 
ac -0.0127 -0.0345 -0.0641 -0.0140 -0.0370 
theta:  3.333 -2.286  2.148  1.551 -0.263 

Start phase 3 
> RIDynamics2 <- sienaRIDynamics(mydata2, ans=ans2)
No X11 device available, forcing use of batch mode

Start phase 0 
theta:  3.333 -2.286  2.148  1.551 -0.263 

Start phase 3 
> RIDynamics2

  Relative importance of effects in ministeps of dependent variable 'mynet2'. 
 
  Periods between observations are devided into 10 intervals. 
 
  Displayed results are aggregations over intervals:


Period 1:
                                                    int 1     int 2     int 3     int 4     int 5     
 
  1. eval outdegree (density)                       0.3249    0.3242    0.3165    0.3165    0.3107  
  2. eval reciprocity                               0.2220    0.2202    0.2270    0.2199    0.2226  
  3. eval transitive ties                           0.2493    0.2553    0.2632    0.2771    0.2869  
  4. eval number of actors at dist 2                0.2004    0.1970    0.1900    0.1832    0.1765  

                                                    int 6     int 7     int 8     int 9     int 10    
 
  1. eval outdegree (density)                       0.3037    0.3000    0.2999    0.3019    0.3060  
  2. eval reciprocity                               0.2254    0.2211    0.2243    0.2227    0.2243  
  3. eval transitive ties                           0.2881    0.2909    0.3026    0.2992    0.3013  
  4. eval number of actors at dist 2                0.1794    0.1847    0.1699    0.1728    0.1651  

> 
> ### Don't use ans but previously estimated coefficients ----
> RIDynamics3 <- sienaRIDynamics(data=mydata2, theta=c(ans2$rate,ans2$theta),
+              algorithm=mycontrols2, effects=mymodel2, intervalsPerPeriod=10)
No X11 device available, forcing use of batch mode

Start phase 0 
theta:  3.333 -2.286  2.148  1.551 -0.263 

Start phase 3 
> RIDynamics3

  Relative importance of effects in ministeps of dependent variable 'mynet2'. 
 
  Periods between observations are devided into 10 intervals. 
 
  Displayed results are aggregations over intervals:


Period 1:
                                                    int 1     int 2     int 3     int 4     int 5     
 
  1. eval outdegree (density)                       0.3294    0.3265    0.3251    0.3179    0.3101  
  2. eval reciprocity                               0.2221    0.2191    0.2188    0.2208    0.2201  
  3. eval transitive ties                           0.2449    0.2609    0.2659    0.2753    0.2866  
  4. eval number of actors at dist 2                0.2036    0.1935    0.1902    0.1860    0.1832  

                                                    int 6     int 7     int 8     int 9     int 10    
 
  1. eval outdegree (density)                       0.3093    0.3181    0.3006    0.2940    0.3080  
  2. eval reciprocity                               0.2133    0.2161    0.2239    0.2313    0.2243  
  3. eval transitive ties                           0.3043    0.2818    0.3045    0.3089    0.2972  
  4. eval number of actors at dist 2                0.1731    0.1840    0.1710    0.1658    0.1706  

> 
> ## Conditional Estimation ----
> mycontrols3 <- sienaAlgorithmCreate(nsub=2, n3=60, cond=TRUE)
If you use this algorithm object, siena07 will create/use an output file Siena.txt .
> ans3 <- siena07(mycontrols3, data=mydata2, effects=mymodel2, batch=TRUE)

Start phase 0 
theta: -0.56  0.00  0.00  0.00 

Start phase 1 
Phase 1 Iteration 1 Progress: 0%
Phase 1 Iteration 2 Progress: 0%
Phase 1 Iteration 3 Progress: 0%
Phase 1 Iteration 4 Progress: 0%
Phase 1 Iteration 5 Progress: 1%
Phase 1 Iteration 10 Progress: 1%
Phase 1 Iteration 15 Progress: 2%
Phase 1 Iteration 20 Progress: 2%
Phase 1 Iteration 25 Progress: 3%
Phase 1 Iteration 30 Progress: 4%
Phase 1 Iteration 35 Progress: 4%
Phase 1 Iteration 40 Progress: 5%
Phase 1 Iteration 45 Progress: 6%
Phase 1 Iteration 50 Progress: 6%
theta: -0.6866  0.1645  0.1098 -0.0125 

Start phase 2.1
Phase 2 Subphase 1 Iteration 1 Progress: 31%
Phase 2 Subphase 1 Iteration 2 Progress: 31%
theta -0.8063  0.4859  0.2031 -0.0647 
ac 1.019 1.445 1.249 0.747 
Phase 2 Subphase 1 Iteration 3 Progress: 31%
Phase 2 Subphase 1 Iteration 4 Progress: 32%
theta -1.144  1.191  0.512 -0.209 
ac 1.195 1.145 0.974 0.775 
Phase 2 Subphase 1 Iteration 5 Progress: 32%
Phase 2 Subphase 1 Iteration 6 Progress: 32%
theta -1.344  1.709  0.758 -0.306 
ac 1.431 1.213 0.934 0.660 
Phase 2 Subphase 1 Iteration 7 Progress: 32%
Phase 2 Subphase 1 Iteration 8 Progress: 32%
theta -1.468  1.949  0.981 -0.388 
ac 1.423 1.093 0.888 0.485 
Phase 2 Subphase 1 Iteration 9 Progress: 32%
Phase 2 Subphase 1 Iteration 10 Progress: 32%
theta -1.603  2.167  1.043 -0.363 
ac 1.227 1.069 0.891 0.501 
theta -2.329  2.165  1.609 -0.268 
ac -0.0644  0.1734  0.0309  0.1059 
theta: -2.329  2.165  1.609 -0.268 

Start phase 2.2
Phase 2 Subphase 2 Iteration 1 Progress: 59%
Phase 2 Subphase 2 Iteration 2 Progress: 60%
Phase 2 Subphase 2 Iteration 3 Progress: 60%
Phase 2 Subphase 2 Iteration 4 Progress: 60%
Phase 2 Subphase 2 Iteration 5 Progress: 60%
Phase 2 Subphase 2 Iteration 6 Progress: 60%
Phase 2 Subphase 2 Iteration 7 Progress: 60%
Phase 2 Subphase 2 Iteration 8 Progress: 60%
Phase 2 Subphase 2 Iteration 9 Progress: 60%
Phase 2 Subphase 2 Iteration 10 Progress: 60%
theta -2.257  2.087  1.515 -0.247 
ac -0.0281 -0.0800 -0.0938 -0.0124 
theta: -2.257  2.087  1.515 -0.247 

Start phase 3 
> 
> RIDynamics4 <- sienaRIDynamics(mydata2, ans=ans3, effects = mymodel2)
No X11 device available, forcing use of batch mode

Start phase 0 
theta: -2.257  2.087  1.515 -0.247 

Start phase 3 
> RIDynamics4

  Relative importance of effects in ministeps of dependent variable 'mynet2'. 
 
  Periods between observations are devided into 10 intervals. 
 
  Displayed results are aggregations over intervals:


Period 1:
                                                    int 1     int 2     int 3     int 4     int 5     
 
  1. eval outdegree (density)                       0.3290    0.3404    0.3270    0.3167    0.3192  
  2. eval reciprocity                               0.2207    0.2131    0.2206    0.2208    0.2113  
  3. eval transitive ties                           0.2396    0.2472    0.2546    0.2670    0.2822  
  4. eval number of actors at dist 2                0.1957    0.1843    0.1828    0.1804    0.1723  

                                                    int 6     int 7     int 8     int 9     int 10    
 
  1. eval outdegree (density)                       0.3075    0.2966    0.3006    0.2957    0.2924  
  2. eval reciprocity                               0.2213    0.2278    0.2275    0.2245    0.2218  
  3. eval transitive ties                           0.2950    0.2975    0.3025    0.3091    0.3182  
  4. eval number of actors at dist 2                0.1612    0.1630    0.1544    0.1557    0.1527  

> 
> ##test23
> ## Test sienaRIDynamics with behavior variable ----
> mycontrols3 <- sienaAlgorithmCreate(nsub=2, n3=60)
If you use this algorithm object, siena07 will create/use an output file Siena.txt .
> mynet3 <- sienaDependent(array(c(s501, s502, s503), dim=c(50, 50, 3)))
> mybeh <- sienaDependent(s50a, type="behavior")
> mydata3 <- sienaDataCreate(mynet3, mybeh)
> mymodel3 <- getEffects(mydata3)
> mymodel3 <- includeEffects(mymodel3, density, recip, transTies, transTrip, nbrDist2)
  effectNumber effectName                 shortName include fix   test 
1 13           outdegree (density)        density   TRUE    FALSE FALSE
2 16           reciprocity                recip     TRUE    FALSE FALSE
3 22           transitive triplets        transTrip TRUE    FALSE FALSE
4 45           transitive ties            transTies TRUE    FALSE FALSE
5 52           number of actors at dist 2 nbrDist2  TRUE    FALSE FALSE
  initialValue parm
1    -1.4677   0   
2     0.0000   0   
3     0.0000   0   
4     0.0000   0   
5     0.0000   0   
> ans4 <- siena07(mycontrols3, data=mydata3, effects=mymodel3, batch=TRUE,
+                 returnChangeContributions=TRUE)

Start phase 0 
theta:  4.696  4.329 -1.468  0.000  0.000  0.000  0.000  0.706  0.849  0.322  0.000 

Start phase 1 
Phase 1 Iteration 1 Progress: 0%
Phase 1 Iteration 2 Progress: 0%
Phase 1 Iteration 3 Progress: 0%
Phase 1 Iteration 4 Progress: 0%
Phase 1 Iteration 5 Progress: 0%
Phase 1 Iteration 10 Progress: 1%
Phase 1 Iteration 15 Progress: 1%
Phase 1 Iteration 20 Progress: 2%
Phase 1 Iteration 25 Progress: 2%
Phase 1 Iteration 30 Progress: 2%
Phase 1 Iteration 35 Progress: 3%
Phase 1 Iteration 40 Progress: 3%
Phase 1 Iteration 45 Progress: 4%
Phase 1 Iteration 50 Progress: 4%
theta:  4.54489  4.40721 -1.55209  0.04743  0.92780 -1.00000  0.01692  0.71934  0.82526  0.17864  0.00522 

Start phase 2.1
Phase 2 Subphase 1 Iteration 1 Progress: 49%
Phase 2 Subphase 1 Iteration 2 Progress: 49%
theta  4.62232  4.57218 -1.59664  0.35526  1.01069 -0.99992 -0.00985  0.74317  0.89699  0.18043 -0.02008 
ac 1.077 0.989 0.785 1.147 1.388 1.134 0.929 0.962 1.283 0.953 1.174 
Phase 2 Subphase 1 Iteration 3 Progress: 50%
Phase 2 Subphase 1 Iteration 4 Progress: 50%
theta  4.8352  4.9674 -1.7152  1.1816  1.0907 -0.8755 -0.0836  0.8215  1.0905  0.2056 -0.0871 
ac 0.489 0.950 0.886 1.117 1.101 0.922 0.933 0.946 1.136 0.913 1.054 
Phase 2 Subphase 1 Iteration 5 Progress: 50%
Phase 2 Subphase 1 Iteration 6 Progress: 50%
theta  4.915  5.120 -1.782  1.626  0.959 -0.666 -0.132  0.885  1.225  0.237 -0.132 
ac 0.503 0.990 0.873 1.069 0.921 0.895 0.971 0.984 1.172 0.880 1.104 
Phase 2 Subphase 1 Iteration 7 Progress: 50%
Phase 2 Subphase 1 Iteration 8 Progress: 50%
theta  4.967  5.165 -1.820  1.860  0.766 -0.443 -0.161  0.943  1.318  0.270 -0.160 
ac 0.429 0.987 0.923 1.061 0.826 0.898 1.027 0.988 1.212 0.869 1.138 
Phase 2 Subphase 1 Iteration 9 Progress: 50%
Phase 2 Subphase 1 Iteration 10 Progress: 50%
theta  5.007  5.070 -1.849  2.003  0.548 -0.207 -0.184  0.971  1.372  0.308 -0.181 
ac 0.404 1.107 0.940 1.074 0.831 0.899 1.050 0.654 0.973 0.868 1.158 
theta  7.572  5.526 -2.002  2.358  0.137  0.516 -0.565  1.189  1.645  0.358 -0.203 
ac  0.0682  0.1396  0.3006 -0.0563  0.0758 -0.1306  0.8216  0.0723 -0.1209  0.2176  0.0109 
theta:  7.572  5.526 -2.002  2.358  0.137  0.516 -0.565  1.189  1.645  0.358 -0.203 

Start phase 2.2
Phase 2 Subphase 2 Iteration 1 Progress: 69%
Phase 2 Subphase 2 Iteration 2 Progress: 70%
Phase 2 Subphase 2 Iteration 3 Progress: 70%
Phase 2 Subphase 2 Iteration 4 Progress: 70%
Phase 2 Subphase 2 Iteration 5 Progress: 70%
Phase 2 Subphase 2 Iteration 6 Progress: 70%
Phase 2 Subphase 2 Iteration 7 Progress: 70%
Phase 2 Subphase 2 Iteration 8 Progress: 70%
Phase 2 Subphase 2 Iteration 9 Progress: 70%
Phase 2 Subphase 2 Iteration 10 Progress: 70%
theta  7.324  5.524 -2.006  2.385  0.134  0.520 -0.578  1.207  1.651  0.360 -0.199 
ac  0.0595  0.0183 -0.1553 -0.2822 -0.2166 -0.2075 -0.1093 -0.0182 -0.0111  0.1142 -0.0402 
theta:  7.324  5.524 -2.006  2.385  0.134  0.520 -0.578  1.207  1.651  0.360 -0.199 

Start phase 3 
> length(ans4$changeContributions) # 60 chains as expected
[1] 60
> length(ans4$changeContributions[[1]][[1]]) # 2 periods as expected
[1] 2
> beh_steps <- sapply(ans4$changeContributions[[1]][[1]][[2]], 
+      function(ministep) attr(ministep, "networkName")) %in%  "mybeh"
> any(beh_steps) # TRUE as expected
[1] TRUE
> 
> ministeps <- ans4$changeContributions[[1]][[1]][[1]]
> getDepvarName <- function(ministep) attr(ministep, "networkName")
> beh_steps <- Filter(function(ministep) getDepvarName(ministep)  == "mybeh", 
+      ans4$changeContributions[[1]][[1]][[1]]) # 1st period, 1st group, 1st chain, behavior steps
> lapply(beh_steps, dim) # 2 x 3 as expected
[[1]]
[1] 2 3

[[2]]
[1] 2 3

[[3]]
[1] 2 3

[[4]]
[1] 2 3

[[5]]
[1] 2 3

[[6]]
[1] 2 3

[[7]]
[1] 2 3

[[8]]
[1] 2 3

[[9]]
[1] 2 3

[[10]]
[1] 2 3

[[11]]
[1] 2 3

[[12]]
[1] 2 3

[[13]]
[1] 2 3

[[14]]
[1] 2 3

[[15]]
[1] 2 3

[[16]]
[1] 2 3

[[17]]
[1] 2 3

[[18]]
[1] 2 3

[[19]]
[1] 2 3

[[20]]
[1] 2 3

[[21]]
[1] 2 3

[[22]]
[1] 2 3

[[23]]
[1] 2 3

[[24]]
[1] 2 3

[[25]]
[1] 2 3

[[26]]
[1] 2 3

[[27]]
[1] 2 3

[[28]]
[1] 2 3

[[29]]
[1] 2 3

[[30]]
[1] 2 3

[[31]]
[1] 2 3

[[32]]
[1] 2 3

[[33]]
[1] 2 3

[[34]]
[1] 2 3

[[35]]
[1] 2 3

[[36]]
[1] 2 3

[[37]]
[1] 2 3

[[38]]
[1] 2 3

[[39]]
[1] 2 3

[[40]]
[1] 2 3

[[41]]
[1] 2 3

[[42]]
[1] 2 3

[[43]]
[1] 2 3

[[44]]
[1] 2 3

[[45]]
[1] 2 3

[[46]]
[1] 2 3

[[47]]
[1] 2 3

[[48]]
[1] 2 3

[[49]]
[1] 2 3

[[50]]
[1] 2 3

[[51]]
[1] 2 3

[[52]]
[1] 2 3

> RIDynamics5 <- sienaRIDynamics(mydata3, ans=ans4, depvar="mybeh",
+                                useChangeContributions=TRUE)
No X11 device available, forcing use of batch mode

Start phase 0 
theta:  7.324  5.524 -2.006  2.385  0.134  0.520 -0.578  1.207  1.651  0.360 -0.199 

Start phase 3 
> RIDynamics5

  Relative importance of effects in ministeps of dependent variable 'mybeh'. 
 
  Periods between observations are devided into 10 intervals. 
 
  Displayed results are aggregations over intervals:


Period 1:
                                                    int 1     int 2     int 3     int 4     int 5     
 
  1. eval mybeh linear shape                        0.3262    0.4096    0.4365    0.4618    0.4731  
  2. eval mybeh quadratic shape                     0.2938    0.3587    0.3902    0.3949    0.3969  

                                                    int 6     int 7     int 8     int 9     int 10    
 
  1. eval mybeh linear shape                        0.4922    0.4935    0.5001    0.4979    0.4985  
  2. eval mybeh quadratic shape                     0.4061    0.4115    0.4116    0.4187    0.4199  



Period 2:
                                                    int 1     int 2     int 3     int 4     int 5     
 
  1. eval mybeh linear shape                        0.4288    0.4874    0.5012    0.5158    0.5211  
  2. eval mybeh quadratic shape                     0.3712    0.4259    0.4521    0.4476    0.4523  

                                                    int 6     int 7     int 8     int 9     int 10    
 
  1. eval mybeh linear shape                        0.5301    0.5332    0.5443    0.5277    0.5372  
  2. eval mybeh quadratic shape                     0.4549    0.4568    0.4473    0.4639    0.4545  

> net_steps <- Filter(function(ministep) getDepvarName(ministep)  == "mynet3", 
+      ans4$changeContributions[[1]][[1]][[1]]) # 1st period, 1st group, 1st chain, network steps
> lapply(net_steps, dim) # 5 x 50 as expected
[[1]]
[1]  5 50

[[2]]
[1]  5 50

[[3]]
[1]  5 50

[[4]]
[1]  5 50

[[5]]
[1]  5 50

[[6]]
[1]  5 50

[[7]]
[1]  5 50

[[8]]
[1]  5 50

[[9]]
[1]  5 50

[[10]]
[1]  5 50

[[11]]
[1]  5 50

[[12]]
[1]  5 50

[[13]]
[1]  5 50

[[14]]
[1]  5 50

[[15]]
[1]  5 50

[[16]]
[1]  5 50

[[17]]
[1]  5 50

[[18]]
[1]  5 50

[[19]]
[1]  5 50

[[20]]
[1]  5 50

[[21]]
[1]  5 50

[[22]]
[1]  5 50

[[23]]
[1]  5 50

[[24]]
[1]  5 50

[[25]]
[1]  5 50

[[26]]
[1]  5 50

[[27]]
[1]  5 50

[[28]]
[1]  5 50

[[29]]
[1]  5 50

[[30]]
[1]  5 50

[[31]]
[1]  5 50

[[32]]
[1]  5 50

[[33]]
[1]  5 50

[[34]]
[1]  5 50

[[35]]
[1]  5 50

[[36]]
[1]  5 50

[[37]]
[1]  5 50

[[38]]
[1]  5 50

[[39]]
[1]  5 50

[[40]]
[1]  5 50

[[41]]
[1]  5 50

[[42]]
[1]  5 50

[[43]]
[1]  5 50

[[44]]
[1]  5 50

[[45]]
[1]  5 50

[[46]]
[1]  5 50

[[47]]
[1]  5 50

[[48]]
[1]  5 50

[[49]]
[1]  5 50

[[50]]
[1]  5 50

[[51]]
[1]  5 50

[[52]]
[1]  5 50

[[53]]
[1]  5 50

[[54]]
[1]  5 50

[[55]]
[1]  5 50

[[56]]
[1]  5 50

[[57]]
[1]  5 50

[[58]]
[1]  5 50

[[59]]
[1]  5 50

[[60]]
[1]  5 50

[[61]]
[1]  5 50

[[62]]
[1]  5 50

[[63]]
[1]  5 50

[[64]]
[1]  5 50

[[65]]
[1]  5 50

[[66]]
[1]  5 50

[[67]]
[1]  5 50

[[68]]
[1]  5 50

[[69]]
[1]  5 50

[[70]]
[1]  5 50

[[71]]
[1]  5 50

[[72]]
[1]  5 50

[[73]]
[1]  5 50

[[74]]
[1]  5 50

[[75]]
[1]  5 50

[[76]]
[1]  5 50

[[77]]
[1]  5 50

[[78]]
[1]  5 50

[[79]]
[1]  5 50

[[80]]
[1]  5 50

[[81]]
[1]  5 50

[[82]]
[1]  5 50

[[83]]
[1]  5 50

[[84]]
[1]  5 50

[[85]]
[1]  5 50

[[86]]
[1]  5 50

[[87]]
[1]  5 50

[[88]]
[1]  5 50

[[89]]
[1]  5 50

[[90]]
[1]  5 50

[[91]]
[1]  5 50

[[92]]
[1]  5 50

[[93]]
[1]  5 50

[[94]]
[1]  5 50

[[95]]
[1]  5 50

[[96]]
[1]  5 50

[[97]]
[1]  5 50

[[98]]
[1]  5 50

[[99]]
[1]  5 50

[[100]]
[1]  5 50

[[101]]
[1]  5 50

[[102]]
[1]  5 50

[[103]]
[1]  5 50

[[104]]
[1]  5 50

[[105]]
[1]  5 50

[[106]]
[1]  5 50

[[107]]
[1]  5 50

[[108]]
[1]  5 50

[[109]]
[1]  5 50

[[110]]
[1]  5 50

[[111]]
[1]  5 50

[[112]]
[1]  5 50

[[113]]
[1]  5 50

[[114]]
[1]  5 50

[[115]]
[1]  5 50

[[116]]
[1]  5 50

[[117]]
[1]  5 50

[[118]]
[1]  5 50

[[119]]
[1]  5 50

[[120]]
[1]  5 50

[[121]]
[1]  5 50

[[122]]
[1]  5 50

[[123]]
[1]  5 50

[[124]]
[1]  5 50

[[125]]
[1]  5 50

[[126]]
[1]  5 50

[[127]]
[1]  5 50

[[128]]
[1]  5 50

[[129]]
[1]  5 50

[[130]]
[1]  5 50

[[131]]
[1]  5 50

[[132]]
[1]  5 50

[[133]]
[1]  5 50

[[134]]
[1]  5 50

[[135]]
[1]  5 50

[[136]]
[1]  5 50

[[137]]
[1]  5 50

[[138]]
[1]  5 50

[[139]]
[1]  5 50

[[140]]
[1]  5 50

[[141]]
[1]  5 50

[[142]]
[1]  5 50

[[143]]
[1]  5 50

[[144]]
[1]  5 50

[[145]]
[1]  5 50

[[146]]
[1]  5 50

[[147]]
[1]  5 50

[[148]]
[1]  5 50

[[149]]
[1]  5 50

[[150]]
[1]  5 50

[[151]]
[1]  5 50

[[152]]
[1]  5 50

[[153]]
[1]  5 50

[[154]]
[1]  5 50

[[155]]
[1]  5 50

[[156]]
[1]  5 50

[[157]]
[1]  5 50

[[158]]
[1]  5 50

[[159]]
[1]  5 50

[[160]]
[1]  5 50

[[161]]
[1]  5 50

[[162]]
[1]  5 50

[[163]]
[1]  5 50

[[164]]
[1]  5 50

[[165]]
[1]  5 50

[[166]]
[1]  5 50

[[167]]
[1]  5 50

[[168]]
[1]  5 50

[[169]]
[1]  5 50

[[170]]
[1]  5 50

[[171]]
[1]  5 50

[[172]]
[1]  5 50

[[173]]
[1]  5 50

[[174]]
[1]  5 50

[[175]]
[1]  5 50

[[176]]
[1]  5 50

[[177]]
[1]  5 50

[[178]]
[1]  5 50

[[179]]
[1]  5 50

[[180]]
[1]  5 50

[[181]]
[1]  5 50

[[182]]
[1]  5 50

[[183]]
[1]  5 50

[[184]]
[1]  5 50

[[185]]
[1]  5 50

[[186]]
[1]  5 50

[[187]]
[1]  5 50

[[188]]
[1]  5 50

[[189]]
[1]  5 50

[[190]]
[1]  5 50

[[191]]
[1]  5 50

[[192]]
[1]  5 50

[[193]]
[1]  5 50

[[194]]
[1]  5 50

[[195]]
[1]  5 50

[[196]]
[1]  5 50

[[197]]
[1]  5 50

[[198]]
[1]  5 50

[[199]]
[1]  5 50

[[200]]
[1]  5 50

[[201]]
[1]  5 50

[[202]]
[1]  5 50

[[203]]
[1]  5 50

[[204]]
[1]  5 50

[[205]]
[1]  5 50

[[206]]
[1]  5 50

[[207]]
[1]  5 50

[[208]]
[1]  5 50

[[209]]
[1]  5 50

[[210]]
[1]  5 50

[[211]]
[1]  5 50

[[212]]
[1]  5 50

[[213]]
[1]  5 50

[[214]]
[1]  5 50

[[215]]
[1]  5 50

[[216]]
[1]  5 50

[[217]]
[1]  5 50

[[218]]
[1]  5 50

[[219]]
[1]  5 50

[[220]]
[1]  5 50

[[221]]
[1]  5 50

[[222]]
[1]  5 50

[[223]]
[1]  5 50

[[224]]
[1]  5 50

[[225]]
[1]  5 50

[[226]]
[1]  5 50

[[227]]
[1]  5 50

[[228]]
[1]  5 50

[[229]]
[1]  5 50

[[230]]
[1]  5 50

[[231]]
[1]  5 50

[[232]]
[1]  5 50

[[233]]
[1]  5 50

[[234]]
[1]  5 50

[[235]]
[1]  5 50

[[236]]
[1]  5 50

[[237]]
[1]  5 50

[[238]]
[1]  5 50

[[239]]
[1]  5 50

[[240]]
[1]  5 50

[[241]]
[1]  5 50

[[242]]
[1]  5 50

[[243]]
[1]  5 50

[[244]]
[1]  5 50

[[245]]
[1]  5 50

[[246]]
[1]  5 50

[[247]]
[1]  5 50

[[248]]
[1]  5 50

[[249]]
[1]  5 50

[[250]]
[1]  5 50

[[251]]
[1]  5 50

[[252]]
[1]  5 50

[[253]]
[1]  5 50

[[254]]
[1]  5 50

[[255]]
[1]  5 50

[[256]]
[1]  5 50

[[257]]
[1]  5 50

[[258]]
[1]  5 50

[[259]]
[1]  5 50

[[260]]
[1]  5 50

[[261]]
[1]  5 50

[[262]]
[1]  5 50

[[263]]
[1]  5 50

[[264]]
[1]  5 50

[[265]]
[1]  5 50

[[266]]
[1]  5 50

[[267]]
[1]  5 50

[[268]]
[1]  5 50

[[269]]
[1]  5 50

[[270]]
[1]  5 50

[[271]]
[1]  5 50

[[272]]
[1]  5 50

[[273]]
[1]  5 50

[[274]]
[1]  5 50

[[275]]
[1]  5 50

[[276]]
[1]  5 50

[[277]]
[1]  5 50

[[278]]
[1]  5 50

[[279]]
[1]  5 50

[[280]]
[1]  5 50

[[281]]
[1]  5 50

[[282]]
[1]  5 50

[[283]]
[1]  5 50

[[284]]
[1]  5 50

[[285]]
[1]  5 50

[[286]]
[1]  5 50

[[287]]
[1]  5 50

[[288]]
[1]  5 50

[[289]]
[1]  5 50

[[290]]
[1]  5 50

[[291]]
[1]  5 50

[[292]]
[1]  5 50

[[293]]
[1]  5 50

[[294]]
[1]  5 50

[[295]]
[1]  5 50

[[296]]
[1]  5 50

[[297]]
[1]  5 50

[[298]]
[1]  5 50

[[299]]
[1]  5 50

[[300]]
[1]  5 50

[[301]]
[1]  5 50

[[302]]
[1]  5 50

[[303]]
[1]  5 50

[[304]]
[1]  5 50

[[305]]
[1]  5 50

[[306]]
[1]  5 50

[[307]]
[1]  5 50

[[308]]
[1]  5 50

[[309]]
[1]  5 50

[[310]]
[1]  5 50

[[311]]
[1]  5 50

[[312]]
[1]  5 50

[[313]]
[1]  5 50

[[314]]
[1]  5 50

[[315]]
[1]  5 50

[[316]]
[1]  5 50

[[317]]
[1]  5 50

[[318]]
[1]  5 50

[[319]]
[1]  5 50

[[320]]
[1]  5 50

[[321]]
[1]  5 50

[[322]]
[1]  5 50

[[323]]
[1]  5 50

[[324]]
[1]  5 50

[[325]]
[1]  5 50

[[326]]
[1]  5 50

[[327]]
[1]  5 50

[[328]]
[1]  5 50

[[329]]
[1]  5 50

[[330]]
[1]  5 50

[[331]]
[1]  5 50

[[332]]
[1]  5 50

[[333]]
[1]  5 50

[[334]]
[1]  5 50

[[335]]
[1]  5 50

[[336]]
[1]  5 50

[[337]]
[1]  5 50

[[338]]
[1]  5 50

[[339]]
[1]  5 50

[[340]]
[1]  5 50

[[341]]
[1]  5 50

[[342]]
[1]  5 50

[[343]]
[1]  5 50

[[344]]
[1]  5 50

[[345]]
[1]  5 50

[[346]]
[1]  5 50

[[347]]
[1]  5 50

[[348]]
[1]  5 50

[[349]]
[1]  5 50

[[350]]
[1]  5 50

[[351]]
[1]  5 50

[[352]]
[1]  5 50

[[353]]
[1]  5 50

[[354]]
[1]  5 50

[[355]]
[1]  5 50

[[356]]
[1]  5 50

[[357]]
[1]  5 50

[[358]]
[1]  5 50

[[359]]
[1]  5 50

[[360]]
[1]  5 50

[[361]]
[1]  5 50

[[362]]
[1]  5 50

[[363]]
[1]  5 50

[[364]]
[1]  5 50

[[365]]
[1]  5 50

[[366]]
[1]  5 50

[[367]]
[1]  5 50

[[368]]
[1]  5 50

[[369]]
[1]  5 50

[[370]]
[1]  5 50

[[371]]
[1]  5 50

[[372]]
[1]  5 50

[[373]]
[1]  5 50

[[374]]
[1]  5 50

[[375]]
[1]  5 50

[[376]]
[1]  5 50

[[377]]
[1]  5 50

[[378]]
[1]  5 50

[[379]]
[1]  5 50

[[380]]
[1]  5 50

[[381]]
[1]  5 50

[[382]]
[1]  5 50

[[383]]
[1]  5 50

[[384]]
[1]  5 50

[[385]]
[1]  5 50

[[386]]
[1]  5 50

[[387]]
[1]  5 50

[[388]]
[1]  5 50

[[389]]
[1]  5 50

[[390]]
[1]  5 50

[[391]]
[1]  5 50

[[392]]
[1]  5 50

> RIDynamics6 <- sienaRIDynamics(mydata3, ans=ans4, depvar="mynet3")
No X11 device available, forcing use of batch mode

Start phase 0 
theta:  7.324  5.524 -2.006  2.385  0.134  0.520 -0.578  1.207  1.651  0.360 -0.199 

Start phase 3 
> RIDynamics6

  Relative importance of effects in ministeps of dependent variable 'mynet3'. 
 
  Periods between observations are devided into 10 intervals. 
 
  Displayed results are aggregations over intervals:


Period 1:
                                                    int 1     int 2     int 3     int 4     int 5     
 
  1. eval outdegree (density)                       0.3581    0.3771    0.3851    0.3871    0.3931  
  2. eval reciprocity                               0.2700    0.2549    0.2482    0.2521    0.2447  
  3. eval transitive triplets                       0.0303    0.0284    0.0272    0.0272    0.0260  
  4. eval transitive ties                           0.0836    0.0776    0.0726    0.0710    0.0675  
  5. eval number of actors at dist 2                0.2580    0.2620    0.2669    0.2626    0.2688  

                                                    int 6     int 7     int 8     int 9     int 10    
 
  1. eval outdegree (density)                       0.3978    0.3989    0.3958    0.4026    0.4003  
  2. eval reciprocity                               0.2427    0.2395    0.2454    0.2387    0.2392  
  3. eval transitive triplets                       0.0255    0.0259    0.0271    0.0265    0.0263  
  4. eval transitive ties                           0.0645    0.0645    0.0638    0.0606    0.0609  
  5. eval number of actors at dist 2                0.2695    0.2713    0.2679    0.2715    0.2733  



Period 2:
                                                    int 1     int 2     int 3     int 4     int 5     
 
  1. eval outdegree (density)                       0.3910    0.3981    0.4005    0.3993    0.3975  
  2. eval reciprocity                               0.2400    0.2310    0.2361    0.2414    0.2435  
  3. eval transitive triplets                       0.0303    0.0275    0.0262    0.0268    0.0256  
  4. eval transitive ties                           0.0789    0.0732    0.0696    0.0677    0.0648  
  5. eval number of actors at dist 2                0.2599    0.2701    0.2676    0.2648    0.2685  

                                                    int 6     int 7     int 8     int 9     int 10    
 
  1. eval outdegree (density)                       0.4046    0.3978    0.3915    0.4033    0.4035  
  2. eval reciprocity                               0.2371    0.2390    0.2435    0.2352    0.2365  
  3. eval transitive triplets                       0.0249    0.0260    0.0257    0.0243    0.0245  
  4. eval transitive ties                           0.0637    0.0641    0.0618    0.0606    0.0605  
  5. eval number of actors at dist 2                0.2697    0.2732    0.2775    0.2766    0.2750  

> RI6 <- sienaRI(mydata3, ans=ans4)
more than one dependent variable
 return value is therefore not of class 'sienaRI'
 but a list of objects of class 'sienaRI'.
> plot(RIDynamics6, staticRI=RI6[[1]])
> 
> ## delete output file
> if (file.exists('Siena.txt')){unlink('Siena.txt')}
> 
> proc.time()
   user  system elapsed 
 76.489   5.146  79.634 
